org/akaza/openclinica/bean/login/UserAccountBean.class
org/akaza/openclinica/bean/odmbeans/RelatedInformationBean.class
org/akaza/openclinica/domain/rule/action/EmailActionProcessor.class
org/akaza/openclinica/dao/hibernate/SectionDao.class
org/akaza/openclinica/service/crfdata/front/AbstractFrontStr.class
org/akaza/openclinica/logic/expressionTree/TextIO.class
org/akaza/openclinica/logic/expressionTree/ArithmeticOpNode.class
org/akaza/openclinica/dao/submit/ListSubjectFilter$Filter.class
org/akaza/openclinica/service/EventService.class
org/akaza/openclinica/bean/service/StudyParameter.class
org/akaza/openclinica/dao/submit/ItemDataDAO.class
org/akaza/openclinica/exception/MultipleItemValuesFoundInXMLParsingException.class
org/akaza/openclinica/bean/rule/action/EmailActionBean.class
org/akaza/openclinica/bean/submit/crfdata/ExportStudyEventDataBean.class
org/akaza/openclinica/dao/hibernate/ItemGroupDao.class
org/akaza/openclinica/domain/rule/action/EmailActionProcessor$1.class
org/akaza/openclinica/dao/managestudy/StudyGroupClassDAO.class
org/akaza/openclinica/domain/managestudy/StudyModuleStatus.class
org/akaza/openclinica/service/PformValidator.class
org/akaza/openclinica/domain/datamap/Study.class
org/akaza/openclinica/log/LoggingConstants.class
org/akaza/openclinica/domain/rule/RunOnSchedule.class
org/akaza/openclinica/domain/rule/action/RandomizeActionProcessor.class
org/akaza/openclinica/domain/xform/dto/Select.class
org/akaza/openclinica/service/crfdata/HideCRFManager.class
org/akaza/openclinica/domain/rule/expression/ExpressionObjectWrapper.class
org/akaza/openclinica/dao/core/AuditableEntityDAO.class
org/akaza/openclinica/domain/datamap/EventDefinitionCrf.class
org/akaza/openclinica/dao/managestudy/StudyAuditLogSort$Sort.class
org/akaza/openclinica/domain/crfdata/DynamicsItemGroupMetadataBean.class
org/akaza/openclinica/patterns/ocobserver/StudyEventChangeDetails.class
org/akaza/openclinica/log/LogFilterFacilityAUTHPRIV.class
org/akaza/openclinica/service/crfdata/BeanPropertyService$1.class
org/akaza/openclinica/dao/admin/CRFDAO.class
org/akaza/openclinica/domain/datamap/DnSubjectMapId.class
org/akaza/openclinica/dao/managestudy/ListDiscNotesSubjectFilter$Filter.class
org/akaza/openclinica/domain/rule/action/InsertActionBean.class
org/akaza/openclinica/logic/expressionTree/RelationalOpNode.class
org/akaza/openclinica/bean/rule/OidHandler.class
org/akaza/openclinica/dao/hibernate/UserTypeDao.class
org/akaza/openclinica/domain/SourceDataVerification.class
org/akaza/openclinica/domain/rule/action/StratificationFactorBean.class
org/akaza/openclinica/bean/extract/DisplayItemDetailBean.class
org/akaza/openclinica/bean/submit/crfdata/SubjectDataBean.class
org/akaza/openclinica/domain/rule/action/DiscrepancyNoteActionProcessor$1.class
org/akaza/openclinica/logic/score/function/Function.class
org/akaza/openclinica/bean/extract/odm/GlobalFormsMetadataBean.class
org/akaza/openclinica/bean/odmbeans/OdmClinicalDataBean.class
org/akaza/openclinica/domain/OpenClinicaVersionBean.class
org/akaza/openclinica/dao/hibernate/VersioningMapDao.class
org/akaza/openclinica/domain/datamap/DnItemDataMap.class
org/akaza/openclinica/bean/extract/QueryBean.class
org/akaza/openclinica/bean/extract/ODMSASFormatNameValidator.class
org/akaza/openclinica/logic/score/ScoreUtil.class
org/akaza/openclinica/service/rule/RuleSetService.class
org/akaza/openclinica/dao/extract/ArchivedDatasetFileDAO.class
org/akaza/openclinica/bean/submit/SCDItemDisplayInfo.class
org/akaza/openclinica/bean/odmbeans/ElementRefBean.class
org/akaza/openclinica/dao/hibernate/ItemDao.class
org/akaza/openclinica/bean/extract/odm/AdminDataReportBean.class
org/akaza/openclinica/bean/service/StudyParamsConfig.class
org/akaza/openclinica/service/usageStats/LogUsageStatsService.class
org/akaza/openclinica/logic/rulerunner/CrfBulkRuleRunner.class
org/akaza/openclinica/bean/core/AuditableEntityBean.class
org/akaza/openclinica/service/RandomizeService$1.class
org/akaza/openclinica/bean/extract/DownloadDiscrepancyNote.class
org/akaza/openclinica/bean/rule/action/ActionProcessorFacade$1.class
org/akaza/openclinica/domain/datamap/AuditLogEventType.class
org/akaza/openclinica/dao/hibernate/RuleActionRunLogDao.class
org/akaza/openclinica/bean/submit/crfdata/ImportItemDataBean.class
org/akaza/openclinica/bean/submit/ItemGroupMetadataBean.class
org/akaza/openclinica/bean/rule/EmailHandler.class
org/akaza/openclinica/dao/QueryStore.class
org/akaza/openclinica/domain/usageStats/LogUsageStatsBean.class
org/akaza/openclinica/bean/odmbeans/QuestionBean.class
org/akaza/openclinica/domain/datamap/EventCrfFlag.class
org/akaza/openclinica/dao/rule/action/RuleActionDAO.class
org/akaza/openclinica/domain/datamap/ResolutionStatus.class
org/akaza/openclinica/bean/extract/ReportBean.class
org/akaza/openclinica/bean/admin/SqlParameter.class
org/akaza/openclinica/logic/odmExport/MetadataUnit.class
org/akaza/openclinica/dao/managestudy/ListNotesFilter$Filter.class
org/akaza/openclinica/bean/odmbeans/MetaDataVersionInclude.class
org/akaza/openclinica/logic/rulerunner/ImportDataRuleRunner.class
org/akaza/openclinica/domain/rule/action/PropertyBean.class
org/akaza/openclinica/bean/rule/RuleExecutionBusinessObject.class
org/akaza/openclinica/domain/technicaladmin/AuditUserLoginBean.class
org/akaza/openclinica/domain/datamap/CrfBean.class
org/akaza/openclinica/domain/datamap/ItemFormMetadata.class
org/akaza/openclinica/logic/score/function/Avg.class
org/akaza/openclinica/bean/core/TermType.class
org/akaza/openclinica/dao/hibernate/RuleActionPropertyDao.class
org/akaza/openclinica/core/OpenClinicaPasswordEncoder.class
org/akaza/openclinica/patterns/ocobserver/Listener.class
org/akaza/openclinica/domain/rule/expression/ExpressionBeanObjectWrapper.class
org/akaza/openclinica/bean/odmbeans/ElementDefBean.class
org/akaza/openclinica/bean/managestudy/SubjectTransferBean.class
org/akaza/openclinica/domain/rule/action/ActionProcessorFacade.class
org/akaza/openclinica/dao/logic/MaskingDAO.class
org/akaza/openclinica/domain/datamap/EventCrf.class
org/akaza/openclinica/bean/submit/SimpleConditionalDisplayPair.class
org/akaza/openclinica/logic/core/BusinessEvaluator.class
org/akaza/openclinica/domain/rule/action/RuleActionRunBean$Phase.class
org/akaza/openclinica/bean/rule/RuleBean.class
org/akaza/openclinica/dao/submit/CRFVersionDAO.class
org/akaza/openclinica/bean/extract/ExtractPropertyBean.class
org/akaza/openclinica/bean/rule/RuleSetRuleBean.class
org/akaza/openclinica/domain/rule/action/EventActionProcessor.class
org/akaza/openclinica/bean/core/GroupClassType.class
org/akaza/openclinica/dao/core/SQLFactory.class
org/akaza/openclinica/dao/hibernate/OpenClinicaVersionDAO.class
org/akaza/openclinica/dao/hibernate/SCDItemMetadataDao.class
org/akaza/openclinica/bean/core/DiscrepancyNoteType.class
org/akaza/openclinica/dao/StudySubjectSDVFilter.class
org/akaza/openclinica/bean/rule/RulesPostImportContainer.class
org/akaza/openclinica/dao/hibernate/AuditLogEventDao.class
org/akaza/openclinica/dao/submit/ItemDAO.class
org/akaza/openclinica/bean/extract/CommaReportBean.class
org/akaza/openclinica/domain/crfdata/SCDItemMetadataBean.class
org/akaza/openclinica/logic/rulerunner/BeanPropertyRuleRunner.class
org/akaza/openclinica/bean/odmbeans/ItemGroupRepeatBean.class
org/akaza/openclinica/logic/rulerunner/RuleSetBulkRuleRunner.class
org/akaza/openclinica/domain/enumsupport/CodedEnumType.class
org/akaza/openclinica/bean/extract/ExtractBean$extractDataset_ITEMGROUPSIDE.class
org/akaza/openclinica/domain/rule/action/DiscrepancyNoteActionProcessor.class
org/akaza/openclinica/dao/submit/SubjectDAO.class
org/akaza/openclinica/domain/xform/XformParser.class
org/akaza/openclinica/domain/rule/action/RuleActionRunBean$studyEventPhase.class
org/akaza/openclinica/bean/extract/odm/MetaDataReportBean.class
org/akaza/openclinica/bean/odmbeans/RangeCheckBean.class
org/akaza/openclinica/bean/core/DataEntryStage.class
org/akaza/openclinica/dao/submit/ItemGroupDAO.class
org/akaza/openclinica/bean/managestudy/StudyEventDefinitionBean.class
org/akaza/openclinica/service/crfdata/DynamicsMetadataService$ItemOrItemGroupHolder.class
org/akaza/openclinica/dao/hibernate/DiscrepancyNoteTypeDao.class
org/akaza/openclinica/bean/rule/RuleXmlParser.class
org/akaza/openclinica/core/SecurityManager.class
org/akaza/openclinica/dao/hibernate/ItemReferenceTypeDao.class
org/akaza/openclinica/domain/datamap/DnEventCrfMapId.class
org/akaza/openclinica/domain/rule/action/RuleActionRunLogBean.class
org/akaza/openclinica/bean/rule/action/ActionProcessorFacade.class
org/akaza/openclinica/log/LogFilterFacilityDAEMON.class
org/akaza/openclinica/log/LogFilterFacilityLPR.class
org/akaza/openclinica/domain/datamap/StudyEvent.class
org/akaza/openclinica/bean/extract/NameValidator.class
org/akaza/openclinica/bean/submit/DisplayTableOfContentsBean.class
org/akaza/openclinica/core/util/XMLFileFilter.class
org/akaza/openclinica/service/user/OpenClinicaLdapUserSearch.class
org/akaza/openclinica/bean/submit/EventCRFBean.class
org/akaza/openclinica/dao/EventCRFSDVSort.class
org/akaza/openclinica/job/XsltStatefulJob.class
org/akaza/openclinica/dao/hibernate/CompositeIdAbstractDomainDao.class
org/akaza/openclinica/logic/expressionTree/Operator.class
org/akaza/openclinica/bean/submit/ItemGroupBean.class
org/akaza/openclinica/logic/expressionTree/EqualityOpNode.class
org/akaza/openclinica/bean/core/NumericComparisonOperator.class
org/akaza/openclinica/service/ItemItemDataContainer.class
org/akaza/openclinica/bean/submit/DisplayItemWithGroupBean.class
org/akaza/openclinica/bean/rule/XmlSchemaValidationHelper.class
org/akaza/openclinica/domain/datamap/AuditLogEvent.class
org/akaza/openclinica/dao/rule/RuleSetDAO.class
org/akaza/openclinica/bean/extract/ArchivedDatasetFileBean.class
org/akaza/openclinica/domain/MutableDomainObject.class
org/akaza/openclinica/bean/core/EntityAction.class
org/akaza/openclinica/dao/hibernate/RuleDao.class
org/akaza/openclinica/domain/rule/expression/OpenClinicaV1ExpressionProcessor.class
org/akaza/openclinica/domain/datamap/StudyType.class
org/akaza/openclinica/bean/admin/StudyEventAuditBean.class
org/akaza/openclinica/dao/managestudy/CriteriaCommand.class
org/akaza/openclinica/domain/rule/action/NotificationActionBean.class
org/akaza/openclinica/bean/rule/AuditableBeanWrapper.class
org/akaza/openclinica/bean/login/ErrorObject.class
org/akaza/openclinica/dao/hibernate/EventCrfFlagDao.class
org/akaza/openclinica/log/Stopwatch.class
org/akaza/openclinica/bean/odmbeans/SimpleConditionalDisplayBean.class
org/akaza/openclinica/domain/rule/RuleSetRuleBean.class
org/akaza/openclinica/dao/submit/SectionDAO.class
org/akaza/openclinica/dao/submit/SubjectGroupMapDAO.class
org/akaza/openclinica/service/managestudy/StudySubjectServiceImpl.class
org/akaza/openclinica/bean/odmbeans/EventDefinitionDetailsBean.class
org/akaza/openclinica/dao/managestudy/ListEventsForSubjectSort$Sort.class
org/akaza/openclinica/domain/xform/dto/UserControl.class
org/akaza/openclinica/logic/odmExport/OdmDataCollector.class
org/akaza/openclinica/service/managestudy/StudySubjectService.class
org/akaza/openclinica/domain/rule/action/EventPropertyBean.class
org/akaza/openclinica/domain/datamap/VersioningMapId.class
org/akaza/openclinica/domain/datamap/DnStudySubjectMap.class
org/akaza/openclinica/dao/core/EntityDAO.class
org/akaza/openclinica/logic/expressionTree/OpenClinicaExpressionParser.class
org/akaza/openclinica/dao/managestudy/ListEventsForSubjectSort.class
org/akaza/openclinica/domain/rule/action/HideActionProcessor$1.class
org/akaza/openclinica/dao/hibernate/CrfVersionMediaDao.class
org/akaza/openclinica/domain/xform/dto/Label.class
org/akaza/openclinica/dao/hibernate/DynamicsItemFormMetadataDao.class
org/akaza/openclinica/bean/odmbeans/SectionDetails.class
org/akaza/openclinica/logic/masking/SubjectMaskingEvaluator.class
org/akaza/openclinica/bean/odmbeans/FacilityInformationBean.class
org/akaza/openclinica/dao/hibernate/DatabaseChangeLogDao.class
org/akaza/openclinica/i18n/util/HtmlUtils.class
org/akaza/openclinica/dao/hibernate/ItemDataTypeDao.class
org/akaza/openclinica/dao/managestudy/ListDiscNotesSubjectFilter.class
org/akaza/openclinica/bean/submit/crfdata/ODMContainer.class
org/akaza/openclinica/patterns/ocobserver/OnStudyEventChanged.class
org/akaza/openclinica/bean/oid/GenericOidGenerator.class
org/akaza/openclinica/bean/service/StudyParameterConfig.class
org/akaza/openclinica/service/rule/RuleSetListenerService.class
org/akaza/openclinica/dao/submit/ItemGroupMetadataDAO.class
org/akaza/openclinica/dao/hibernate/ItemDataFlagDao.class
org/akaza/openclinica/logic/score/ScoreToken.class
org/akaza/openclinica/patterns/ocobserver/OnStudyEventUpdated.class
org/akaza/openclinica/bean/rule/RuleBulkExecuteContainer.class
org/akaza/openclinica/dao/hibernate/ViewRuleAssignmentFilter.class
org/akaza/openclinica/domain/user/LdapUser.class
org/akaza/openclinica/logic/score/function/Median.class
org/akaza/openclinica/domain/datamap/StudyEventDefinition.class
org/akaza/openclinica/bean/rule/RuleSetRuleAuditBean.class
org/akaza/openclinica/bean/submit/DisplayItemBean.class
org/akaza/openclinica/bean/rule/action/ActionType.class
org/akaza/openclinica/dao/hibernate/ViewRuleAssignmentSort$Sort.class
org/akaza/openclinica/bean/service/SasProcessingFunction.class
org/akaza/openclinica/dao/core/PreparedStatementFactory.class
org/akaza/openclinica/domain/datamap/ItemDataFlagWorkflow.class
org/akaza/openclinica/domain/xform/dto/Bind.class
org/akaza/openclinica/dao/hibernate/RuleSetAuditDao.class
org/akaza/openclinica/logic/expressionTree/EqualityOpNode$1.class
org/akaza/openclinica/dao/StudySubjectSDVSort.class
org/akaza/openclinica/dao/rule/ExpressionDAO.class
org/akaza/openclinica/dao/hibernate/RuleSetRuleAuditDao.class
org/akaza/openclinica/core/form/StringUtil.class
org/akaza/openclinica/bean/core/NullValue.class
org/akaza/openclinica/dao/hibernate/CriteriaCommand.class
org/akaza/openclinica/dao/hibernate/ViewRuleAssignmentSort.class
org/akaza/openclinica/dao/core/DAOInterface.class
org/akaza/openclinica/service/managestudy/DiscrepancyNoteService.class
org/akaza/openclinica/core/SessionManager.class
org/akaza/openclinica/domain/rule/action/DataEntryPhase.class
org/akaza/openclinica/domain/rule/action/RandomizeActionBean.class
org/akaza/openclinica/domain/rule/action/RuleActionRunBean.class
org/akaza/openclinica/dao/hibernate/AuditUserLoginSort.class
org/akaza/openclinica/bean/odmbeans/AuditLogsBean.class
org/akaza/openclinica/dao/hibernate/HibernateUtil.class
org/akaza/openclinica/bean/core/ResolutionStatus.class
org/akaza/openclinica/domain/datamap/StudyGroupClass.class
org/akaza/openclinica/logic/masking/rules/MaskSubjectDOBRule.class
org/akaza/openclinica/bean/extract/TextReportBean.class
org/akaza/openclinica/service/rule/RulesPostImportContainerService.class
org/akaza/openclinica/bean/extract/DisplayItemDataBean.class
org/akaza/openclinica/service/EventServiceInterface.class
org/akaza/openclinica/bean/extract/odm/ClinicalDataReportBean$1.class
org/akaza/openclinica/job/JobExecutionExceptionListener.class
org/akaza/openclinica/domain/xform/dto/Body.class
org/akaza/openclinica/service/managestudy/ViewNotesService.class
org/akaza/openclinica/dao/hibernate/RuleSetRuleDao.class
org/akaza/openclinica/job/JobTriggerListener.class
org/akaza/openclinica/domain/rule/action/EmailActionBean.class
org/akaza/openclinica/core/util/ScriptRunner.class
org/akaza/openclinica/dao/ScheduledJobSort$Sort.class
org/akaza/openclinica/bean/odmbeans/StudyGroupClassListBean.class
org/akaza/openclinica/dao/login/UserAccountDAO.class
org/akaza/openclinica/dao/managestudy/ListDiscNotesSubjectSort.class
org/akaza/openclinica/domain/xform/dto/Text.class
org/akaza/openclinica/service/user/LdapUserService$1.class
org/akaza/openclinica/bean/managestudy/StudyType.class
org/akaza/openclinica/bean/admin/CRFBean.class
org/akaza/openclinica/dao/managestudy/FindSubjectsSort$Sort.class
org/akaza/openclinica/bean/odmbeans/MetaDataVersionRefBean.class
org/akaza/openclinica/service/crfdata/SimpleConditionalDisplayService.class
org/akaza/openclinica/domain/EventCRFStatus.class
org/akaza/openclinica/service/pmanage/Study.class
org/akaza/openclinica/logic/score/ScoreValidator.class
org/akaza/openclinica/domain/datamap/GroupClassTypes.class
org/akaza/openclinica/dao/hibernate/TagDao.class
org/akaza/openclinica/domain/xform/dto/Item.class
org/akaza/openclinica/bean/login/ResponseSuccessStudyDTO.class
org/akaza/openclinica/bean/odmbeans/ConditionsAndEligibilityBean.class
org/akaza/openclinica/domain/datamap/ResponseSet.class
org/akaza/openclinica/service/crfdata/DynamicsMetadataService.class
org/akaza/openclinica/bean/odmbeans/StudyGroupItemBean.class
org/akaza/openclinica/patterns/ocobserver/OnStudyEventJDBCBeanChanged.class
org/akaza/openclinica/domain/rule/expression/ExpressionBean.class
org/akaza/openclinica/domain/datamap/DnSubjectMap.class
org/akaza/openclinica/service/crfdata/SCDData.class
org/akaza/openclinica/logic/rulerunner/DataEntryRuleRunner$1.class
org/akaza/openclinica/bean/core/Utils.class
org/akaza/openclinica/dao/managestudy/ListNotesFilter.class
org/akaza/openclinica/log/LogFilterFacilityMAIL.class
org/akaza/openclinica/bean/managestudy/StudyBean.class
org/akaza/openclinica/bean/extract/SasNameValidator.class
org/akaza/openclinica/bean/extract/ExportFormatBean.class
org/akaza/openclinica/dao/managestudy/StudyAuditLogSort.class
org/akaza/openclinica/logic/odmExport/ClinicalDataUtil.class
org/akaza/openclinica/logic/rulerunner/ImportDataRuleRunnerContainer.class
org/akaza/openclinica/dao/admin/AuditEventDAO.class
org/akaza/openclinica/dao/hibernate/CrfVersionDao.class
org/akaza/openclinica/domain/datamap/ItemGroupMetadata.class
org/akaza/openclinica/domain/user/AuthoritiesBean.class
org/akaza/openclinica/bean/extract/FilterObjectBean.class
org/akaza/openclinica/bean/admin/AuditBean.class
org/akaza/openclinica/bean/core/DatasetItemStatus.class
org/akaza/openclinica/domain/rule/action/EventActionBean.class
org/akaza/openclinica/bean/odmbeans/ItemResponseBean.class
org/akaza/openclinica/job/JobTerminationMonitor.class
org/akaza/openclinica/domain/xform/dto/Section.class
org/akaza/openclinica/bean/rule/expression/ExpressionProcessorFactory$1.class
org/akaza/openclinica/bean/rule/FileRenamePolicy.class
org/akaza/openclinica/domain/AbstractAuditableMutableDomainObject.class
org/akaza/openclinica/bean/extract/ExtractBean$extractDataset_EVENTSIDE.class
org/akaza/openclinica/bean/odmbeans/DiscrepancyNotesBean.class
org/akaza/openclinica/bean/submit/crfdata/StudyEventDataBean.class
org/akaza/openclinica/bean/extract/odm/OdmXmlReportBean.class
org/akaza/openclinica/bean/odmbeans/StudyParameterConfigurationBean.class
org/akaza/openclinica/logic/rulerunner/MessageContainer.class
org/akaza/openclinica/domain/rule/action/ShowActionBean.class
org/akaza/openclinica/logic/expressionTree/ExpressionTreeHelper.class
org/akaza/openclinica/bean/odmbeans/TranslatedTextBean.class
org/akaza/openclinica/bean/extract/ExtractStudySubjectBean.class
org/akaza/openclinica/bean/submit/SCDShowStatus.class
org/akaza/openclinica/logic/odmExport/MetaDataCollector.class
org/akaza/openclinica/domain/rule/action/HideActionProcessor.class
org/akaza/openclinica/domain/rule/action/RandomizeActionProcessor$1.class
org/akaza/openclinica/bean/odmbeans/OdmStudyBean.class
org/akaza/openclinica/bean/odmbeans/SymbolBean.class
org/akaza/openclinica/bean/submit/ChildDisplayItemBeanComparator.class
org/akaza/openclinica/service/crfdata/front/FrontStrDelimiter.class
org/akaza/openclinica/domain/admin/MeasurementUnit.class
org/akaza/openclinica/bean/admin/JDBCType.class
org/akaza/openclinica/service/user/LdapUserService.class
org/akaza/openclinica/domain/rule/RuleSetRuleAuditBean.class
org/akaza/openclinica/bean/managestudy/StudySubjectBean.class
org/akaza/openclinica/dao/managestudy/StudyAuditLogFilter.class
org/akaza/openclinica/bean/login/StudyUserRoleBean.class
org/akaza/openclinica/bean/admin/TriggerBean.class
org/akaza/openclinica/bean/odmbeans/FormDetailsBean.class
org/akaza/openclinica/service/ParticipantEventService.class
org/akaza/openclinica/bean/submit/CRFVersionBean.class
org/akaza/openclinica/dao/core/DAODigester.class
org/akaza/openclinica/domain/rule/action/DiscrepancyNoteActionBean.class
org/akaza/openclinica/domain/datamap/DnEventCrfMap.class
org/akaza/openclinica/domain/rule/expression/ExpressionProcessorFactory$1.class
org/akaza/openclinica/bean/oid/CrfVersionOidGenerator.class
org/akaza/openclinica/domain/xform/dto/Upload.class
org/akaza/openclinica/dao/hibernate/EventCrfFlagWorkflowDao.class
org/akaza/openclinica/bean/oid/StudySubjectOidGenerator.class
org/akaza/openclinica/domain/crfdata/DynamicsItemFormMetadataBean.class
org/akaza/openclinica/web/filter/OpenClinicaJdbcService$OcUsersByUsernameMapping.class
org/akaza/openclinica/logic/expressionTree/ExpressionNodeFactory.class
org/akaza/openclinica/dao/hibernate/ItemFormMetadataDao.class
org/akaza/openclinica/domain/Status.class
org/akaza/openclinica/bean/odmbeans/AgeBean.class
org/akaza/openclinica/core/util/CrfTemplateColumnNameEnum.class
org/akaza/openclinica/bean/rule/action/ActionProcessor.class
org/akaza/openclinica/service/rule/RuleSetServiceInterface.class
org/akaza/openclinica/service/rule/StudyEventBeanListener.class
org/akaza/openclinica/logic/score/function/Min.class
org/akaza/openclinica/logic/expressionTree/OpenClinicaVariableNode.class
org/akaza/openclinica/domain/xform/dto/Select1.class
org/akaza/openclinica/domain/rule/expression/ExpressionProcessor.class
org/akaza/openclinica/bean/service/SqlProcessingFunction.class
org/akaza/openclinica/dao/hibernate/ItemDataDao.class
org/akaza/openclinica/dao/managestudy/ListDiscNotesSubjectSort$Sort.class
org/akaza/openclinica/patterns/ocobserver/OnStudyEventCreated.class
org/akaza/openclinica/dao/StudySubjectSDVFilter$Filter.class
org/akaza/openclinica/bean/extract/odm/ClinicalDataReportBean$2.class
org/akaza/openclinica/bean/odmbeans/OdmAdminDataBean.class
org/akaza/openclinica/domain/xform/dto/Input.class
org/akaza/openclinica/logic/score/Parser.class
org/akaza/openclinica/service/DiscrepancyNoteThread.class
org/akaza/openclinica/domain/AuditableMutableDomainObject.class
org/akaza/openclinica/bean/extract/TabReportBean.class
org/akaza/openclinica/domain/datamap/Section.class
org/akaza/openclinica/service/subject/SubjectServiceInterface.class
org/akaza/openclinica/dao/managestudy/StudyGroupDAO.class
org/akaza/openclinica/domain/user/UserAccount.class
org/akaza/openclinica/dao/hibernate/StudyDao.class
org/akaza/openclinica/exception/OpenClinicaException.class
org/akaza/openclinica/domain/datamap/ItemReferenceType.class
org/akaza/openclinica/bean/login/EventDefinitionDTO.class
org/akaza/openclinica/dao/core/CoreResources.class
org/akaza/openclinica/bean/extract/ExtractBean.class
org/akaza/openclinica/bean/rule/FileProperties$ExtensionSettings.class
org/akaza/openclinica/bean/odmbeans/ElementOIDBean.class
org/akaza/openclinica/dao/cache/StringStatement.class
org/akaza/openclinica/bean/core/Role.class
org/akaza/openclinica/bean/submit/crfdata/SubjectGroupDataBean.class
org/akaza/openclinica/dao/hibernate/DynamicsItemGroupMetadataDao.class
org/akaza/openclinica/bean/core/Status.class
org/akaza/openclinica/dao/managestudy/StudyEventDefinitionDAO.class
org/akaza/openclinica/service/extract/GenerateExtractFileService.class
org/akaza/openclinica/bean/rule/RuleSetBean.class
org/akaza/openclinica/exception/ScoreException.class
org/akaza/openclinica/service/extract/GenerateClinicalDataServiceImpl.class
org/akaza/openclinica/bean/masking/MaskingBean.class
org/akaza/openclinica/dao/core/TypeNames.class
org/akaza/openclinica/domain/datamap/DnStudyEventMapId.class
org/akaza/openclinica/bean/submit/crfdata/ImportItemGroupDataBean.class
org/akaza/openclinica/domain/xform/dto/Model.class
org/akaza/openclinica/logic/score/function/GetExternalValue.class
org/akaza/openclinica/dao/submit/ItemFormMetadataDAO.class
org/akaza/openclinica/bean/login/UserRole.class
org/akaza/openclinica/bean/admin/AuditEventBean.class
org/akaza/openclinica/bean/core/Term.class
org/akaza/openclinica/dao/extract/DatasetDAO.class
org/akaza/openclinica/domain/technicaladmin/ConfigurationBean.class
org/akaza/openclinica/domain/datamap/SubjectEventStatus.class
org/akaza/openclinica/bean/extract/FilterBean.class
org/akaza/openclinica/exception/OpenClinicaSystemException.class
org/akaza/openclinica/dao/hibernate/StudyEventDao.class
org/akaza/openclinica/domain/datamap/SubjectGroupMap.class
org/akaza/openclinica/bean/submit/SCDRowDisplayStatus.class
org/akaza/openclinica/bean/service/ProcessingFunction.class
org/akaza/openclinica/log/LogFilterFacilityUUCP.class
org/akaza/openclinica/bean/rule/RuleSetAuditBean.class
org/akaza/openclinica/bean/oid/MeasurementUnitOidGenerator.class
org/akaza/openclinica/core/OpenClinicaMailSender.class
org/akaza/openclinica/bean/rule/action/DiscrepancyNoteActionProcessor.class
org/akaza/openclinica/dao/extract/OdmExtractDAO.class
org/akaza/openclinica/dao/hibernate/StudyModuleStatusDao.class
org/akaza/openclinica/service/DiscrepancyNoteUtil.class
org/akaza/openclinica/dao/EventCRFSDVFilter.class
org/akaza/openclinica/bean/submit/DataType.class
org/akaza/openclinica/domain/AuditableDomainBeanWrapper.class
org/akaza/openclinica/service/DiscrepancyNotesSummary.class
org/akaza/openclinica/dao/EventCRFSDVSort$Sort.class
org/akaza/openclinica/patterns/ocobserver/Observer.class
org/akaza/openclinica/dao/hibernate/AuditUserLoginFilter$Filter.class
org/akaza/openclinica/service/pmanage/ParticipantPortalRegistrar.class
org/akaza/openclinica/domain/rule/RuleSetBasedViewContainer.class
org/akaza/openclinica/dao/extract/FilterDAO.class
org/akaza/openclinica/bean/odmbeans/MultiSelectListItemBean.class
org/akaza/openclinica/logic/odmExport/OdmUnit.class
org/akaza/openclinica/bean/oid/ItemGroupOidGenerator.class
org/akaza/openclinica/logic/expressionTree/ConditionalOpNode.class
org/akaza/openclinica/dao/hibernate/CrfDao.class
org/akaza/openclinica/domain/xform/XformUtils.class
org/akaza/openclinica/domain/xform/dto/Translation.class
org/akaza/openclinica/bean/core/Privilege.class
org/akaza/openclinica/domain/CompositeIdDomainObject.class
org/akaza/openclinica/domain/datamap/CrfVersionMedia.class
org/akaza/openclinica/bean/submit/GroupType.class
org/akaza/openclinica/logic/score/function/Pow.class
org/akaza/openclinica/bean/rule/expression/ExpressionProcessor.class
org/akaza/openclinica/bean/odmbeans/BasicDefinitionsBean.class
org/akaza/openclinica/logic/odmExport/OdmStudyBase.class
org/akaza/openclinica/dao/hibernate/EventDefinitionCrfDao.class
org/akaza/openclinica/bean/managestudy/InterventionBean.class
org/akaza/openclinica/logic/score/function/Decode.class
org/akaza/openclinica/dao/hibernate/DnItemDataMapDao.class
org/akaza/openclinica/domain/datamap/StudyParameterValue.class
org/akaza/openclinica/bean/odmbeans/PresentInFormBean.class
org/akaza/openclinica/logic/core/BusinessRule.class
org/akaza/openclinica/core/util/ItemGroupCrvVersionUtil.class
org/akaza/openclinica/domain/rule/action/RuleActionRunEventBean.class
org/akaza/openclinica/service/rule/expression/ExpressionBeanService.class
org/akaza/openclinica/service/pmanage/Organization.class
org/akaza/openclinica/domain/rule/action/ActionProcessorFacade$1.class
org/akaza/openclinica/bean/oid/OidGenerator.class
org/akaza/openclinica/bean/admin/NewCRFBean.class
org/akaza/openclinica/log/LogFilterBase.class
org/akaza/openclinica/bean/submit/ResponseType.class
org/akaza/openclinica/dao/hibernate/ItemDataFlagWorkflowDao.class
org/akaza/openclinica/bean/odmbeans/GlobalVariablesBean.class
org/akaza/openclinica/dao/rule/RuleDAO.class
org/akaza/openclinica/domain/rule/action/RuleActionComparator.class
org/akaza/openclinica/bean/login/ResponseSuccessEventDefDTO.class
org/akaza/openclinica/logic/rulerunner/RuleRunner.class
org/akaza/openclinica/dao/submit/ListSubjectSort$Sort.class
org/akaza/openclinica/validator/rule/action/InsertActionValidator.class
org/akaza/openclinica/dao/hibernate/AuditEventDao.class
org/akaza/openclinica/core/EmailEngine.class
org/akaza/openclinica/bean/odmbeans/ItemPresentInFormBean.class
org/akaza/openclinica/dao/hibernate/MeasurementUnitDao.class
org/akaza/openclinica/bean/rule/RuleSetBasedViewContainer.class
org/akaza/openclinica/bean/core/ItemDataType.class
org/akaza/openclinica/logic/rulerunner/ExecutionMode.class
org/akaza/openclinica/log/LogFilterFacilityAUTH.class
org/akaza/openclinica/bean/core/UserType.class
org/akaza/openclinica/logic/rulerunner/MessageContainer$TheContainer.class
org/akaza/openclinica/dao/hibernate/CompletionStatusDao.class
org/akaza/openclinica/web/filter/ApiSecurityFilter.class
org/akaza/openclinica/logic/score/function/Max.class
org/akaza/openclinica/service/crfdata/ResponseSetService.class
org/akaza/openclinica/bean/extract/DatasetBean.class
org/akaza/openclinica/domain/rule/action/ShowActionProcessor$1.class
org/akaza/openclinica/service/crfdata/BeanPropertyService.class
org/akaza/openclinica/validator/SubjectTransferValidator.class
org/akaza/openclinica/i18n/util/I18nFormatUtil.class
org/akaza/openclinica/dao/admin/AuditDAO.class
org/akaza/openclinica/service/extract/GenerateClinicalDataService.class
org/akaza/openclinica/logic/expressionTree/ArithmeticOpNode$1.class
org/akaza/openclinica/bean/submit/ItemBean.class
org/akaza/openclinica/bean/submit/crfdata/UpsertOnBean.class
org/akaza/openclinica/log/LogFilterFacilityUSER.class
org/akaza/openclinica/bean/odmbeans/CodeListBean.class
org/akaza/openclinica/core/CRFLocker.class
org/akaza/openclinica/domain/datamap/IdtView.class
org/akaza/openclinica/i18n/core/LocaleResolver.class
org/akaza/openclinica/domain/rule/RuleSetRuleBean$RuleSetRuleBeanImportStatus.class
org/akaza/openclinica/bean/odmbeans/ItemGroupDetailsBean.class
org/akaza/openclinica/bean/rule/action/DiscrepancyNoteActionBean.class
org/akaza/openclinica/domain/rule/AuditableBeanWrapper.class
org/akaza/openclinica/service/managestudy/ViewNotesFilterCriteria.class
org/akaza/openclinica/i18n/util/ResourceBundleProvider.class
org/akaza/openclinica/logic/rulerunner/DataEntryRuleRunner.class
org/akaza/openclinica/logic/expressionTree/UnaryMinusNode.class
org/akaza/openclinica/domain/AbstractMutableDomainObject.class
org/akaza/openclinica/bean/odmbeans/LocationBean.class
org/akaza/openclinica/dao/hibernate/StudySubjectDao.class
org/akaza/openclinica/bean/managestudy/EventDefinitionCRFBean.class
org/akaza/openclinica/logic/score/ScoreCalculator.class
org/akaza/openclinica/bean/odmbeans/UserBean.class
org/akaza/openclinica/bean/managestudy/DisplayStudyEventBean.class
org/akaza/openclinica/bean/extract/odm/FullReportBean.class
org/akaza/openclinica/domain/datamap/StudySubject.class
org/akaza/openclinica/dao/hibernate/AuditUserLoginSort$Sort.class
org/akaza/openclinica/validator/xform/ResponseSetValidator.class
org/akaza/openclinica/bean/core/ApplicationConstants.class
org/akaza/openclinica/bean/login/PwdChallengeQuestion.class
org/akaza/openclinica/dao/managestudy/EventDefinitionCRFDAO.class
org/akaza/openclinica/bean/odmbeans/CodeListItemBean.class
org/akaza/openclinica/exception/PreparedStatementFactoryException.class
org/akaza/openclinica/bean/odmbeans/ODMBean.class
org/akaza/openclinica/dao/hibernate/DiscrepancyNoteDao.class
org/akaza/openclinica/dao/rule/RuleSetAuditDAO.class
org/akaza/openclinica/bean/submit/DisplaySubjectBean.class
org/akaza/openclinica/dao/hibernate/ConfigurationDao.class
org/akaza/openclinica/bean/extract/SPSSReportBean.class
org/akaza/openclinica/dao/managestudy/ListDiscNotesForCRFFilter.class
org/akaza/openclinica/service/subject/SubjectService.class
org/akaza/openclinica/bean/admin/DeletedEventCRFBean.class
org/akaza/openclinica/service/pmanage/SeRandomizationDTO.class
org/akaza/openclinica/domain/rule/action/NotificationActionProcessor$2.class
org/akaza/openclinica/domain/rule/action/RuleActionBean.class
org/akaza/openclinica/domain/datamap/StudyParameterValueId.class
org/akaza/openclinica/domain/datamap/StudyUserRole.class
org/akaza/openclinica/dao/hibernate/PasswordRequirementsDao.class
org/akaza/openclinica/service/JobTriggerService.class
org/akaza/openclinica/domain/rule/RuleBean.class
org/akaza/openclinica/domain/rule/expression/ExpressionProcessorFactory.class
org/akaza/openclinica/dao/managestudy/ViewNotesDaoImpl$1.class
org/akaza/openclinica/domain/xform/dto/Html.class
org/akaza/openclinica/domain/datamap/ItemGroup.class
org/akaza/openclinica/dao/managestudy/ListDiscNotesForCRFSort.class
org/akaza/openclinica/validator/rule/action/EventActionValidator.class
org/akaza/openclinica/bean/login/UserDTO.class
org/akaza/openclinica/exception/DAOCleanupFailureException.class
org/akaza/openclinica/domain/datamap/ItemDataType.class
org/akaza/openclinica/domain/xform/dto/Group.class
org/akaza/openclinica/bean/extract/odm/ClinicalDataReportBean.class
org/akaza/openclinica/domain/datamap/NullValueType.class
org/akaza/openclinica/domain/datamap/DnItemDataMapId.class
org/akaza/openclinica/logic/odmExport/ClinicalDataUnit.class
org/akaza/openclinica/dao/cache/EhCacheWrapper.class
org/akaza/openclinica/dao/managestudy/ListNotesSort$Sort.class
org/akaza/openclinica/bean/submit/crfdata/FormDataBean.class
org/akaza/openclinica/patterns/ocobserver/StudyEventBeanContainer.class
org/akaza/openclinica/logic/score/function/Stdev.class
org/akaza/openclinica/dao/hibernate/AuthoritiesDao.class
org/akaza/openclinica/bean/extract/XMLReportBean.class
org/akaza/openclinica/bean/login/ResponseSuccessSiteDTO.class
org/akaza/openclinica/dao/submit/ListSubjectSort.class
org/akaza/openclinica/dao/hibernate/ResponseSetDao.class
org/akaza/openclinica/domain/rule/action/InsertActionProcessor.class
org/akaza/openclinica/domain/datamap/ItemDataFlag.class
org/akaza/openclinica/domain/datamap/Subject.class
org/akaza/openclinica/dao/rule/action/RuleActionDAO$1.class
org/akaza/openclinica/log/LogFilterFacilityCRON.class
org/akaza/openclinica/bean/service/PdfProcessingFunction.class
org/akaza/openclinica/dao/hibernate/AuditUserLoginFilter.class
org/akaza/openclinica/logic/rulerunner/RuleActionContainer.class
org/akaza/openclinica/dao/managestudy/ListEventsForSubjectFilter$Filter.class
org/akaza/openclinica/domain/rule/action/NotificationActionProcessor.class
org/akaza/openclinica/logic/rulerunner/Key.class
org/akaza/openclinica/domain/datamap/EventDefinitionCrfItemTag.class
org/akaza/openclinica/logic/rulerunner/RuleActionContainerComparator.class
org/akaza/openclinica/bean/managestudy/StudyGroupBean.class
org/akaza/openclinica/bean/rule/action/RuleActionBean.class
org/akaza/openclinica/bean/managestudy/StudyGroupClassBean.class
org/akaza/openclinica/dao/managestudy/StudyEventDAO.class
org/akaza/openclinica/domain/xform/XformGroup.class
org/akaza/openclinica/bean/submit/DisplayEventCRFBean.class
org/akaza/openclinica/bean/odmbeans/ItemDefBean.class
org/akaza/openclinica/dao/ScheduledJobSort.class
org/akaza/openclinica/domain/datamap/DnStudySubjectMapId.class
org/akaza/openclinica/service/managestudy/ViewNotesServiceImpl.class
org/akaza/openclinica/bean/rule/Operator.class
org/akaza/openclinica/dao/managestudy/StudyDAO.class
org/akaza/openclinica/domain/xform/dto/ItemSet.class
org/akaza/openclinica/logic/expressionTree/ConditionalOpNode$1.class
org/akaza/openclinica/bean/odmbeans/FormDefBean.class
org/akaza/openclinica/service/managestudy/EventDefinitionCrfTagService.class
org/akaza/openclinica/dao/managestudy/ViewNotesDaoImpl$2.class
org/akaza/openclinica/service/pmanage/RandomizationRegistrar.class
org/akaza/openclinica/bean/submit/SectionBean.class
org/akaza/openclinica/dao/hibernate/AuditUserLoginDao.class
org/akaza/openclinica/service/pmanage/AuthorizationStatus.class
org/akaza/openclinica/bean/rule/expression/ExpressionObjectWrapper.class
org/akaza/openclinica/logic/expressionTree/ExpressionNode.class
org/akaza/openclinica/bean/extract/ExtractCRFVersionBean.class
org/akaza/openclinica/logic/odmExport/AdminDataCollector.class
org/akaza/openclinica/domain/xform/dto/Head.class
org/akaza/openclinica/dao/cache/CacheWrapper.class
org/akaza/openclinica/dao/hibernate/StudyEventDefinitionDao.class
org/akaza/openclinica/dao/managestudy/ListEventsForSubjectFilter.class
org/akaza/openclinica/domain/rule/RuleSetAuditBean.class
org/akaza/openclinica/service/crfdata/front/InstantOnChangeFrontStrGroup.class
org/akaza/openclinica/bean/odmbeans/StudyDescriptionAndStatusBean.class
org/akaza/openclinica/bean/submit/DisplayItemBeanWrapper.class
org/akaza/openclinica/bean/odmbeans/MultiSelectListBean.class
org/akaza/openclinica/bean/login/SiteDTO.class
org/akaza/openclinica/bean/rule/FileProperties.class
org/akaza/openclinica/domain/rule/action/NotificationActionProcessor$1.class
org/akaza/openclinica/domain/datamap/Item.class
org/akaza/openclinica/domain/xform/dto/Value.class
org/akaza/openclinica/dao/hibernate/EventDefinitionCrfItemTagDao.class
org/akaza/openclinica/domain/datamap/StudyParameter.class
org/akaza/openclinica/bean/rule/RuleExecutionAudit.class
org/akaza/openclinica/bean/core/SubjectEventStatus.class
org/akaza/openclinica/job/EmptyThreadPool.class
org/akaza/openclinica/domain/datamap/EventCrfFlagWorkflow.class
org/akaza/openclinica/bean/service/StudyParameterValueBean.class
org/akaza/openclinica/dao/hibernate/ViewRuleAssignmentFilter$Filter.class
org/akaza/openclinica/domain/rule/action/InsertActionProcessor$1.class
org/akaza/openclinica/domain/user/UserType.class
org/akaza/openclinica/job/JobInterruptedException.class
org/akaza/openclinica/domain/datamap/AuditEvent.class
org/akaza/openclinica/logic/score/ScoreUtil$Info.class
org/akaza/openclinica/bean/odmbeans/MetaDataVersionProtocolBean.class
org/akaza/openclinica/service/extract/ExtractUtils.class
org/akaza/openclinica/dao/ws/SubjectTransferDAO.class
org/akaza/openclinica/logic/odmExport/ClinicalDataCollector.class
org/akaza/openclinica/dao/hibernate/EventCrfDao.class
org/akaza/openclinica/bean/oid/ItemOidGenerator.class
org/akaza/openclinica/dao/hibernate/StudyUserRoleDao.class
org/akaza/openclinica/bean/admin/QueryObject.class
org/akaza/openclinica/bean/odmbeans/StudyEventDefBean.class
org/akaza/openclinica/domain/rule/action/HideActionBean.class
org/akaza/openclinica/service/RandomizeService.class
org/akaza/openclinica/bean/odmbeans/MetaDataVersionBean.class
org/akaza/openclinica/dao/rule/RuleSetRuleDAO.class
org/akaza/openclinica/domain/rule/action/ActionType.class
org/akaza/openclinica/bean/extract/OrderedEntityBeansSet.class
org/akaza/openclinica/job/XsltTransformJob.class
org/akaza/openclinica/dao/hibernate/UsageStatsServiceDAO.class
org/akaza/openclinica/bean/odmbeans/DiscrepancyNoteBean.class
org/akaza/openclinica/dao/hibernate/EventDefinitionCrfTagDao.class
org/akaza/openclinica/bean/service/ProcessingInterface.class
org/akaza/openclinica/bean/odmbeans/ItemGroupDefBean.class
org/akaza/openclinica/bean/extract/DisplayItemHeaderBean.class
org/akaza/openclinica/bean/submit/crfdata/ExportSubjectDataBean.class
org/akaza/openclinica/bean/extract/DownLoadBean.class
org/akaza/openclinica/domain/xform/XformContainer.class
org/akaza/openclinica/bean/submit/ResponseOptionBean.class
org/akaza/openclinica/job/OpenClinicaSchedulerFactoryBean.class
org/akaza/openclinica/domain/datamap/ItemData.class
org/akaza/openclinica/bean/submit/SubjectGroupMapBean.class
org/akaza/openclinica/bean/odmbeans/MeasurementUnitBean.class
org/akaza/openclinica/bean/rule/expression/ExpressionBean.class
org/akaza/openclinica/dao/EventCRFSDVFilter$Filter.class
org/akaza/openclinica/log/LoggerStartupListener.class
org/akaza/openclinica/dao/managestudy/ViewNotesDaoImpl.class
org/akaza/openclinica/dao/managestudy/StudyAuditLogFilter$Filter.class
org/akaza/openclinica/domain/datamap/DnStudyEventMap.class
org/akaza/openclinica/dao/service/StudyConfigService.class
org/akaza/openclinica/bean/oid/CrfOidGenerator.class
org/akaza/openclinica/dao/managestudy/StudySubjectDAO.class
org/akaza/openclinica/bean/managestudy/DisplayEventDefinitionCRFBean.class
org/akaza/openclinica/logic/odmExport/AdminDataUnit.class
org/akaza/openclinica/bean/rule/JakartaServletRequestContext.class
org/akaza/openclinica/bean/submit/ItemDataBean.class
org/akaza/openclinica/domain/datamap/DiscrepancyNote.class
org/akaza/openclinica/bean/rule/StringEditCheck.class
org/akaza/openclinica/bean/rule/action/EmailActionProcessor.class
org/akaza/openclinica/dao/hibernate/IdtViewDao.class
org/akaza/openclinica/bean/odmbeans/AuditLogBean.class
org/akaza/openclinica/bean/login/ParticipantDTO.class
org/akaza/openclinica/domain/DataMapDomainObject.class
org/akaza/openclinica/bean/oid/StudyOidGenerator.class
org/akaza/openclinica/domain/rule/action/ShowActionProcessor.class
org/akaza/openclinica/domain/rule/RulesPostImportContainer.class
org/akaza/openclinica/bean/odmbeans/PresentInEventDefinitionBean.class
org/akaza/openclinica/bean/submit/ItemFormMetadataBean.class
org/akaza/openclinica/domain/datamap/StudyUserRoleId.class
org/akaza/openclinica/bean/rule/EmptySpaceHandler.class
org/akaza/openclinica/dao/managestudy/EventDefinitionCRFDAO$EventDefinitionCRFComparator.class
org/akaza/openclinica/service/pmanage/Submission.class
org/akaza/openclinica/service/extract/OdmFileCreation.class
org/akaza/openclinica/bean/submit/SubjectBean.class
org/akaza/openclinica/dao/service/StudyParameterValueDAO.class
org/akaza/openclinica/bean/odmbeans/ChildNoteBean.class
org/akaza/openclinica/bean/rule/expression/OpenClinicaV1ExpressionProcessor.class
org/akaza/openclinica/dao/hibernate/SubjectDao.class
org/akaza/openclinica/dao/managestudy/ListDiscNotesForCRFSort$Sort.class
org/akaza/openclinica/bean/submit/DisplayItemGroupBean.class
org/akaza/openclinica/log/LogFilterOther.class
org/akaza/openclinica/dao/managestudy/DiscrepancyNoteDAO.class
org/akaza/openclinica/dao/managestudy/ListNotesSort.class
org/akaza/openclinica/dao/hibernate/ItemGroupMetadataDao.class
org/akaza/openclinica/dao/managestudy/ListDiscNotesForCRFFilter$Filter.class
org/akaza/openclinica/core/util/Pair.class
org/akaza/openclinica/bean/submit/crfdata/ExportFormDataBean.class
org/akaza/openclinica/dao/submit/ListSubjectFilter.class
org/akaza/openclinica/validator/rule/action/RandomizeActionValidator.class
org/akaza/openclinica/domain/rule/RuleSetBean.class
org/akaza/openclinica/service/extract/XsltTriggerService.class
org/akaza/openclinica/domain/xform/dto/Itext.class
org/akaza/openclinica/dao/hibernate/UserAccountDao.class
org/akaza/openclinica/service/crfdata/front/InstantOnChangeFrontStrParcel.class
org/akaza/openclinica/domain/enumsupport/CodedEnumPersistenceException.class
org/akaza/openclinica/bean/login/StudyDTO.class
org/akaza/openclinica/bean/submit/DisplaySectionBean.class
org/akaza/openclinica/service/crfdata/MetadataServiceInterface.class
org/akaza/openclinica/dao/extract/QueryDAO.class
org/akaza/openclinica/domain/enumsupport/CodedEnum.class
org/akaza/openclinica/service/managestudy/ViewNotesSortCriteria.class
org/akaza/openclinica/domain/datamap/CrfVersion.class
org/akaza/openclinica/core/ExtendedBasicDataSource.class
org/akaza/openclinica/logic/expressionTree/OpenClinicaBeanVariableNode.class
org/akaza/openclinica/domain/rule/action/ActionProcessor.class
org/akaza/openclinica/domain/datamap/OpenclinicaVersion.class
org/akaza/openclinica/domain/xform/dto/Hint.class
org/akaza/openclinica/domain/datamap/DiscrepancyNoteType.class
org/akaza/openclinica/bean/extract/ExtractStudyEventDefinitionBean.class
org/akaza/openclinica/patterns/ocobserver/StudyEventContainer.class
org/akaza/openclinica/dao/managestudy/ViewNotesDao.class
org/akaza/openclinica/exception/CRFReadingException.class
org/akaza/openclinica/bean/extract/SPSSVariableNameValidator.class
org/akaza/openclinica/bean/odmbeans/MetaDataVersionIncludeBean.class
org/akaza/openclinica/bean/core/ResponseType.class
org/akaza/openclinica/logic/rulerunner/RuleRunner$RuleRunnerMode.class
org/akaza/openclinica/bean/submit/GroupRole.class
org/akaza/openclinica/bean/rule/FileUploadHelper.class
org/akaza/openclinica/bean/submit/crfdata/SummaryStatsBean.class
org/akaza/openclinica/service/pmanage/Authorization.class
org/akaza/openclinica/logic/expressionTree/RelationalOpNode$1.class
org/akaza/openclinica/domain/xform/XformItem.class
org/akaza/openclinica/logic/expressionTree/ConstantNode.class
org/akaza/openclinica/service/crfdata/InstantOnChangeService.class
org/akaza/openclinica/dao/hibernate/AbstractDomainDao.class
org/akaza/openclinica/bean/rule/expression/Context.class
org/akaza/openclinica/domain/datamap/CompletionStatus.class
org/akaza/openclinica/dao/rule/RuleSetRuleAuditDAO.class
org/akaza/openclinica/dao/managestudy/FindSubjectsFilter.class
org/akaza/openclinica/bean/rule/RuleBulkExecuteContainerTwo.class
org/akaza/openclinica/web/filter/OpenClinicaLdapAuthoritiesPopulator.class
org/akaza/openclinica/domain/crfdata/InstantOnChangeType.class
org/akaza/openclinica/domain/datamap/StudyGroup.class
org/akaza/openclinica/bean/managestudy/PrintCRFBean.class
org/akaza/openclinica/service/crfdata/XformMetaDataService.class
org/akaza/openclinica/dao/hibernate/StudyParameterValueDao.class
org/akaza/openclinica/bean/core/EntityBean.class
org/akaza/openclinica/domain/datamap/VersioningMap.class
org/akaza/openclinica/logic/importdata/ImportDataHelper.class
org/akaza/openclinica/service/BulkEmailSenderService.class
org/akaza/openclinica/logic/rulerunner/MessageContainer$MessageType.class
org/akaza/openclinica/dao/submit/EventCRFDAO.class
org/akaza/openclinica/domain/datamap/StudyModuleStatus.class
org/akaza/openclinica/service/crfdata/front/InstantOnChangeFrontStr.class
org/akaza/openclinica/domain/technicaladmin/DatabaseChangeLogBean.class
org/akaza/openclinica/bean/managestudy/StudyEventBean.class
org/akaza/openclinica/bean/oid/StudyEventDefinitionOidGenerator.class
org/akaza/openclinica/dao/managestudy/FindSubjectsFilter$Filter.class
org/akaza/openclinica/bean/managestudy/DiscrepancyNoteBean.class
org/akaza/openclinica/dao/hibernate/RuleSetDao.class
org/akaza/openclinica/service/rule/expression/ExpressionService.class
org/akaza/openclinica/web/filter/OpenClinicaJdbcService.class
org/akaza/openclinica/bean/admin/DisplayStudyBean.class
org/akaza/openclinica/domain/rule/RuleBulkExecuteContainerTwo.class
org/akaza/openclinica/domain/datamap/EventDefinitionCrfTag.class
org/akaza/openclinica/domain/rule/expression/Context.class
org/akaza/openclinica/domain/crfdata/InstantOnChangePairContainer.class
org/akaza/openclinica/dao/managestudy/FindSubjectsSort.class
org/akaza/openclinica/domain/technicaladmin/DatabaseChangeLogBeanPk.class
org/akaza/openclinica/validator/xform/ItemValidator.class
org/akaza/openclinica/dao/core/OCContextLoaderListener.class
org/akaza/openclinica/job/JobTerminationMonitor$1.class
org/akaza/openclinica/domain/DomainObject.class
org/akaza/openclinica/bean/submit/crfdata/CRFDataPostImportContainer.class
org/akaza/openclinica/domain/xform/dto/Repeat.class
org/akaza/openclinica/bean/extract/SEDColumn.class
org/akaza/openclinica/domain/datamap/ResponseType.class
org/akaza/openclinica/logic/score/function/Sum.class
org/akaza/openclinica/service/rule/RuleService.class
org/akaza/openclinica/bean/login/PrivilegeBean.class
org/akaza/openclinica/bean/service/ProcessingResultType.class
org/akaza/openclinica/logic/score/function/AbstractFunction.class
org/akaza/openclinica/bean/odmbeans/ItemDetailsBean.class
org/akaza/openclinica/logic/score/ScoreSymbol.class
org/akaza/openclinica/dao/hibernate/ResolutionStatusDao.class
org/akaza/openclinica/domain/technicaladmin/LoginStatus.class
org/akaza/openclinica/domain/rule/RuleBulkExecuteContainer.class
org/akaza/openclinica/domain/datamap/MeasurementUnit.class
org/akaza/openclinica/bean/rule/expression/ExpressionProcessorFactory.class
org/akaza/openclinica/job/OpenClinicaStdSchedulerFactory.class
org/akaza/openclinica/bean/managestudy/DisplayStudySubjectBean.class
org/akaza/openclinica/bean/rule/EditCheckInterface.class
org/akaza/openclinica/domain/datamap/Tag.class
org/akaza/openclinica/bean/admin/Types.class
org/akaza/openclinica/dao/StudySubjectSDVSort$Sort.class
org/akaza/openclinica/dao/submit/EventCRFDAO$1.class
org/akaza/openclinica/bean/submit/ResponseSetBean.class
org/akaza/openclinica/dao/hibernate/ResponseTypeDao.class
