/workspace/core/src/main/java/org/akaza/openclinica/bean/admin/AuditBean.java
/workspace/core/src/main/java/org/akaza/openclinica/bean/admin/AuditEventBean.java
/workspace/core/src/main/java/org/akaza/openclinica/bean/admin/CRFBean.java
/workspace/core/src/main/java/org/akaza/openclinica/bean/admin/DeletedEventCRFBean.java
/workspace/core/src/main/java/org/akaza/openclinica/bean/admin/DisplayStudyBean.java
/workspace/core/src/main/java/org/akaza/openclinica/bean/admin/JDBCType.java
/workspace/core/src/main/java/org/akaza/openclinica/bean/admin/NewCRFBean.java
/workspace/core/src/main/java/org/akaza/openclinica/bean/admin/QueryObject.java
/workspace/core/src/main/java/org/akaza/openclinica/bean/admin/SqlParameter.java
/workspace/core/src/main/java/org/akaza/openclinica/bean/admin/StudyEventAuditBean.java
/workspace/core/src/main/java/org/akaza/openclinica/bean/admin/TriggerBean.java
/workspace/core/src/main/java/org/akaza/openclinica/bean/admin/Types.java
/workspace/core/src/main/java/org/akaza/openclinica/bean/core/ApplicationConstants.java
/workspace/core/src/main/java/org/akaza/openclinica/bean/core/AuditableEntityBean.java
/workspace/core/src/main/java/org/akaza/openclinica/bean/core/DataEntryStage.java
/workspace/core/src/main/java/org/akaza/openclinica/bean/core/DatasetItemStatus.java
/workspace/core/src/main/java/org/akaza/openclinica/bean/core/DiscrepancyNoteType.java
/workspace/core/src/main/java/org/akaza/openclinica/bean/core/EntityAction.java
/workspace/core/src/main/java/org/akaza/openclinica/bean/core/EntityBean.java
/workspace/core/src/main/java/org/akaza/openclinica/bean/core/GroupClassType.java
/workspace/core/src/main/java/org/akaza/openclinica/bean/core/ItemDataType.java
/workspace/core/src/main/java/org/akaza/openclinica/bean/core/NullValue.java
/workspace/core/src/main/java/org/akaza/openclinica/bean/core/NumericComparisonOperator.java
/workspace/core/src/main/java/org/akaza/openclinica/bean/core/Privilege.java
/workspace/core/src/main/java/org/akaza/openclinica/bean/core/ResolutionStatus.java
/workspace/core/src/main/java/org/akaza/openclinica/bean/core/ResponseType.java
/workspace/core/src/main/java/org/akaza/openclinica/bean/core/Role.java
/workspace/core/src/main/java/org/akaza/openclinica/bean/core/Status.java
/workspace/core/src/main/java/org/akaza/openclinica/bean/core/SubjectEventStatus.java
/workspace/core/src/main/java/org/akaza/openclinica/bean/core/Term.java
/workspace/core/src/main/java/org/akaza/openclinica/bean/core/TermType.java
/workspace/core/src/main/java/org/akaza/openclinica/bean/core/UserType.java
/workspace/core/src/main/java/org/akaza/openclinica/bean/core/Utils.java
/workspace/core/src/main/java/org/akaza/openclinica/bean/extract/ArchivedDatasetFileBean.java
/workspace/core/src/main/java/org/akaza/openclinica/bean/extract/CommaReportBean.java
/workspace/core/src/main/java/org/akaza/openclinica/bean/extract/DatasetBean.java
/workspace/core/src/main/java/org/akaza/openclinica/bean/extract/DisplayItemDataBean.java
/workspace/core/src/main/java/org/akaza/openclinica/bean/extract/DisplayItemDetailBean.java
/workspace/core/src/main/java/org/akaza/openclinica/bean/extract/DisplayItemHeaderBean.java
/workspace/core/src/main/java/org/akaza/openclinica/bean/extract/DownLoadBean.java
/workspace/core/src/main/java/org/akaza/openclinica/bean/extract/DownloadDiscrepancyNote.java
/workspace/core/src/main/java/org/akaza/openclinica/bean/extract/ExportFormatBean.java
/workspace/core/src/main/java/org/akaza/openclinica/bean/extract/ExtractBean.java
/workspace/core/src/main/java/org/akaza/openclinica/bean/extract/ExtractCRFVersionBean.java
/workspace/core/src/main/java/org/akaza/openclinica/bean/extract/ExtractPropertyBean.java
/workspace/core/src/main/java/org/akaza/openclinica/bean/extract/ExtractStudyEventDefinitionBean.java
/workspace/core/src/main/java/org/akaza/openclinica/bean/extract/ExtractStudySubjectBean.java
/workspace/core/src/main/java/org/akaza/openclinica/bean/extract/FilterBean.java
/workspace/core/src/main/java/org/akaza/openclinica/bean/extract/FilterObjectBean.java
/workspace/core/src/main/java/org/akaza/openclinica/bean/extract/NameValidator.java
/workspace/core/src/main/java/org/akaza/openclinica/bean/extract/ODMSASFormatNameValidator.java
/workspace/core/src/main/java/org/akaza/openclinica/bean/extract/OrderedEntityBeansSet.java
/workspace/core/src/main/java/org/akaza/openclinica/bean/extract/QueryBean.java
/workspace/core/src/main/java/org/akaza/openclinica/bean/extract/ReportBean.java
/workspace/core/src/main/java/org/akaza/openclinica/bean/extract/SEDColumn.java
/workspace/core/src/main/java/org/akaza/openclinica/bean/extract/SPSSReportBean.java
/workspace/core/src/main/java/org/akaza/openclinica/bean/extract/SPSSVariableNameValidator.java
/workspace/core/src/main/java/org/akaza/openclinica/bean/extract/SasNameValidator.java
/workspace/core/src/main/java/org/akaza/openclinica/bean/extract/TabReportBean.java
/workspace/core/src/main/java/org/akaza/openclinica/bean/extract/TextReportBean.java
/workspace/core/src/main/java/org/akaza/openclinica/bean/extract/XMLReportBean.java
/workspace/core/src/main/java/org/akaza/openclinica/bean/extract/odm/AdminDataReportBean.java
/workspace/core/src/main/java/org/akaza/openclinica/bean/extract/odm/ClinicalDataReportBean.java
/workspace/core/src/main/java/org/akaza/openclinica/bean/extract/odm/FullReportBean.java
/workspace/core/src/main/java/org/akaza/openclinica/bean/extract/odm/GlobalFormsMetadataBean.java
/workspace/core/src/main/java/org/akaza/openclinica/bean/extract/odm/MetaDataReportBean.java
/workspace/core/src/main/java/org/akaza/openclinica/bean/extract/odm/OdmXmlReportBean.java
/workspace/core/src/main/java/org/akaza/openclinica/bean/login/ErrorObject.java
/workspace/core/src/main/java/org/akaza/openclinica/bean/login/EventDefinitionDTO.java
/workspace/core/src/main/java/org/akaza/openclinica/bean/login/ParticipantDTO.java
/workspace/core/src/main/java/org/akaza/openclinica/bean/login/PrivilegeBean.java
/workspace/core/src/main/java/org/akaza/openclinica/bean/login/PwdChallengeQuestion.java
/workspace/core/src/main/java/org/akaza/openclinica/bean/login/ResponseSuccessEventDefDTO.java
/workspace/core/src/main/java/org/akaza/openclinica/bean/login/ResponseSuccessSiteDTO.java
/workspace/core/src/main/java/org/akaza/openclinica/bean/login/ResponseSuccessStudyDTO.java
/workspace/core/src/main/java/org/akaza/openclinica/bean/login/SiteDTO.java
/workspace/core/src/main/java/org/akaza/openclinica/bean/login/StudyDTO.java
/workspace/core/src/main/java/org/akaza/openclinica/bean/login/StudyUserRoleBean.java
/workspace/core/src/main/java/org/akaza/openclinica/bean/login/UserAccountBean.java
/workspace/core/src/main/java/org/akaza/openclinica/bean/login/UserDTO.java
/workspace/core/src/main/java/org/akaza/openclinica/bean/login/UserRole.java
/workspace/core/src/main/java/org/akaza/openclinica/bean/managestudy/DiscrepancyNoteBean.java
/workspace/core/src/main/java/org/akaza/openclinica/bean/managestudy/DisplayEventDefinitionCRFBean.java
/workspace/core/src/main/java/org/akaza/openclinica/bean/managestudy/DisplayStudyEventBean.java
/workspace/core/src/main/java/org/akaza/openclinica/bean/managestudy/DisplayStudySubjectBean.java
/workspace/core/src/main/java/org/akaza/openclinica/bean/managestudy/EventDefinitionCRFBean.java
/workspace/core/src/main/java/org/akaza/openclinica/bean/managestudy/InterventionBean.java
/workspace/core/src/main/java/org/akaza/openclinica/bean/managestudy/PrintCRFBean.java
/workspace/core/src/main/java/org/akaza/openclinica/bean/managestudy/StudyBean.java
/workspace/core/src/main/java/org/akaza/openclinica/bean/managestudy/StudyEventBean.java
/workspace/core/src/main/java/org/akaza/openclinica/bean/managestudy/StudyEventDefinitionBean.java
/workspace/core/src/main/java/org/akaza/openclinica/bean/managestudy/StudyGroupBean.java
/workspace/core/src/main/java/org/akaza/openclinica/bean/managestudy/StudyGroupClassBean.java
/workspace/core/src/main/java/org/akaza/openclinica/bean/managestudy/StudySubjectBean.java
/workspace/core/src/main/java/org/akaza/openclinica/bean/managestudy/StudyType.java
/workspace/core/src/main/java/org/akaza/openclinica/bean/managestudy/SubjectTransferBean.java
/workspace/core/src/main/java/org/akaza/openclinica/bean/masking/MaskingBean.java
/workspace/core/src/main/java/org/akaza/openclinica/bean/odmbeans/AgeBean.java
/workspace/core/src/main/java/org/akaza/openclinica/bean/odmbeans/AuditLogBean.java
/workspace/core/src/main/java/org/akaza/openclinica/bean/odmbeans/AuditLogsBean.java
/workspace/core/src/main/java/org/akaza/openclinica/bean/odmbeans/BasicDefinitionsBean.java
/workspace/core/src/main/java/org/akaza/openclinica/bean/odmbeans/ChildNoteBean.java
/workspace/core/src/main/java/org/akaza/openclinica/bean/odmbeans/CodeListBean.java
/workspace/core/src/main/java/org/akaza/openclinica/bean/odmbeans/CodeListItemBean.java
/workspace/core/src/main/java/org/akaza/openclinica/bean/odmbeans/ConditionsAndEligibilityBean.java
/workspace/core/src/main/java/org/akaza/openclinica/bean/odmbeans/DiscrepancyNoteBean.java
/workspace/core/src/main/java/org/akaza/openclinica/bean/odmbeans/DiscrepancyNotesBean.java
/workspace/core/src/main/java/org/akaza/openclinica/bean/odmbeans/ElementDefBean.java
/workspace/core/src/main/java/org/akaza/openclinica/bean/odmbeans/ElementOIDBean.java
/workspace/core/src/main/java/org/akaza/openclinica/bean/odmbeans/ElementRefBean.java
/workspace/core/src/main/java/org/akaza/openclinica/bean/odmbeans/EventDefinitionDetailsBean.java
/workspace/core/src/main/java/org/akaza/openclinica/bean/odmbeans/FacilityInformationBean.java
/workspace/core/src/main/java/org/akaza/openclinica/bean/odmbeans/FormDefBean.java
/workspace/core/src/main/java/org/akaza/openclinica/bean/odmbeans/FormDetailsBean.java
/workspace/core/src/main/java/org/akaza/openclinica/bean/odmbeans/GlobalVariablesBean.java
/workspace/core/src/main/java/org/akaza/openclinica/bean/odmbeans/ItemDefBean.java
/workspace/core/src/main/java/org/akaza/openclinica/bean/odmbeans/ItemDetailsBean.java
/workspace/core/src/main/java/org/akaza/openclinica/bean/odmbeans/ItemGroupDefBean.java
/workspace/core/src/main/java/org/akaza/openclinica/bean/odmbeans/ItemGroupDetailsBean.java
/workspace/core/src/main/java/org/akaza/openclinica/bean/odmbeans/ItemGroupRepeatBean.java
/workspace/core/src/main/java/org/akaza/openclinica/bean/odmbeans/ItemPresentInFormBean.java
/workspace/core/src/main/java/org/akaza/openclinica/bean/odmbeans/ItemResponseBean.java
/workspace/core/src/main/java/org/akaza/openclinica/bean/odmbeans/LocationBean.java
/workspace/core/src/main/java/org/akaza/openclinica/bean/odmbeans/MeasurementUnitBean.java
/workspace/core/src/main/java/org/akaza/openclinica/bean/odmbeans/MetaDataVersionBean.java
/workspace/core/src/main/java/org/akaza/openclinica/bean/odmbeans/MetaDataVersionInclude.java
/workspace/core/src/main/java/org/akaza/openclinica/bean/odmbeans/MetaDataVersionIncludeBean.java
/workspace/core/src/main/java/org/akaza/openclinica/bean/odmbeans/MetaDataVersionProtocolBean.java
/workspace/core/src/main/java/org/akaza/openclinica/bean/odmbeans/MetaDataVersionRefBean.java
/workspace/core/src/main/java/org/akaza/openclinica/bean/odmbeans/MultiSelectListBean.java
/workspace/core/src/main/java/org/akaza/openclinica/bean/odmbeans/MultiSelectListItemBean.java
/workspace/core/src/main/java/org/akaza/openclinica/bean/odmbeans/ODMBean.java
/workspace/core/src/main/java/org/akaza/openclinica/bean/odmbeans/OdmAdminDataBean.java
/workspace/core/src/main/java/org/akaza/openclinica/bean/odmbeans/OdmClinicalDataBean.java
/workspace/core/src/main/java/org/akaza/openclinica/bean/odmbeans/OdmStudyBean.java
/workspace/core/src/main/java/org/akaza/openclinica/bean/odmbeans/PresentInEventDefinitionBean.java
/workspace/core/src/main/java/org/akaza/openclinica/bean/odmbeans/PresentInFormBean.java
/workspace/core/src/main/java/org/akaza/openclinica/bean/odmbeans/QuestionBean.java
/workspace/core/src/main/java/org/akaza/openclinica/bean/odmbeans/RangeCheckBean.java
/workspace/core/src/main/java/org/akaza/openclinica/bean/odmbeans/RelatedInformationBean.java
/workspace/core/src/main/java/org/akaza/openclinica/bean/odmbeans/SectionDetails.java
/workspace/core/src/main/java/org/akaza/openclinica/bean/odmbeans/SimpleConditionalDisplayBean.java
/workspace/core/src/main/java/org/akaza/openclinica/bean/odmbeans/StudyDescriptionAndStatusBean.java
/workspace/core/src/main/java/org/akaza/openclinica/bean/odmbeans/StudyEventDefBean.java
/workspace/core/src/main/java/org/akaza/openclinica/bean/odmbeans/StudyGroupClassListBean.java
/workspace/core/src/main/java/org/akaza/openclinica/bean/odmbeans/StudyGroupItemBean.java
/workspace/core/src/main/java/org/akaza/openclinica/bean/odmbeans/StudyParameterConfigurationBean.java
/workspace/core/src/main/java/org/akaza/openclinica/bean/odmbeans/SymbolBean.java
/workspace/core/src/main/java/org/akaza/openclinica/bean/odmbeans/TranslatedTextBean.java
/workspace/core/src/main/java/org/akaza/openclinica/bean/odmbeans/UserBean.java
/workspace/core/src/main/java/org/akaza/openclinica/bean/oid/CrfOidGenerator.java
/workspace/core/src/main/java/org/akaza/openclinica/bean/oid/CrfVersionOidGenerator.java
/workspace/core/src/main/java/org/akaza/openclinica/bean/oid/GenericOidGenerator.java
/workspace/core/src/main/java/org/akaza/openclinica/bean/oid/ItemGroupOidGenerator.java
/workspace/core/src/main/java/org/akaza/openclinica/bean/oid/ItemOidGenerator.java
/workspace/core/src/main/java/org/akaza/openclinica/bean/oid/MeasurementUnitOidGenerator.java
/workspace/core/src/main/java/org/akaza/openclinica/bean/oid/OidGenerator.java
/workspace/core/src/main/java/org/akaza/openclinica/bean/oid/StudyEventDefinitionOidGenerator.java
/workspace/core/src/main/java/org/akaza/openclinica/bean/oid/StudyOidGenerator.java
/workspace/core/src/main/java/org/akaza/openclinica/bean/oid/StudySubjectOidGenerator.java
/workspace/core/src/main/java/org/akaza/openclinica/bean/rule/AuditableBeanWrapper.java
/workspace/core/src/main/java/org/akaza/openclinica/bean/rule/EditCheckInterface.java
/workspace/core/src/main/java/org/akaza/openclinica/bean/rule/EmailHandler.java
/workspace/core/src/main/java/org/akaza/openclinica/bean/rule/EmptySpaceHandler.java
/workspace/core/src/main/java/org/akaza/openclinica/bean/rule/FileProperties.java
/workspace/core/src/main/java/org/akaza/openclinica/bean/rule/FileRenamePolicy.java
/workspace/core/src/main/java/org/akaza/openclinica/bean/rule/FileUploadHelper.java
/workspace/core/src/main/java/org/akaza/openclinica/bean/rule/JakartaServletRequestContext.java
/workspace/core/src/main/java/org/akaza/openclinica/bean/rule/OidHandler.java
/workspace/core/src/main/java/org/akaza/openclinica/bean/rule/Operator.java
/workspace/core/src/main/java/org/akaza/openclinica/bean/rule/RuleBean.java
/workspace/core/src/main/java/org/akaza/openclinica/bean/rule/RuleBulkExecuteContainer.java
/workspace/core/src/main/java/org/akaza/openclinica/bean/rule/RuleBulkExecuteContainerTwo.java
/workspace/core/src/main/java/org/akaza/openclinica/bean/rule/RuleExecutionAudit.java
/workspace/core/src/main/java/org/akaza/openclinica/bean/rule/RuleExecutionBusinessObject.java
/workspace/core/src/main/java/org/akaza/openclinica/bean/rule/RuleSetAuditBean.java
/workspace/core/src/main/java/org/akaza/openclinica/bean/rule/RuleSetBasedViewContainer.java
/workspace/core/src/main/java/org/akaza/openclinica/bean/rule/RuleSetBean.java
/workspace/core/src/main/java/org/akaza/openclinica/bean/rule/RuleSetRuleAuditBean.java
/workspace/core/src/main/java/org/akaza/openclinica/bean/rule/RuleSetRuleBean.java
/workspace/core/src/main/java/org/akaza/openclinica/bean/rule/RuleXmlParser.java
/workspace/core/src/main/java/org/akaza/openclinica/bean/rule/RulesPostImportContainer.java
/workspace/core/src/main/java/org/akaza/openclinica/bean/rule/StringEditCheck.java
/workspace/core/src/main/java/org/akaza/openclinica/bean/rule/XmlSchemaValidationHelper.java
/workspace/core/src/main/java/org/akaza/openclinica/bean/rule/action/ActionProcessor.java
/workspace/core/src/main/java/org/akaza/openclinica/bean/rule/action/ActionProcessorFacade.java
/workspace/core/src/main/java/org/akaza/openclinica/bean/rule/action/ActionType.java
/workspace/core/src/main/java/org/akaza/openclinica/bean/rule/action/DiscrepancyNoteActionBean.java
/workspace/core/src/main/java/org/akaza/openclinica/bean/rule/action/DiscrepancyNoteActionProcessor.java
/workspace/core/src/main/java/org/akaza/openclinica/bean/rule/action/EmailActionBean.java
/workspace/core/src/main/java/org/akaza/openclinica/bean/rule/action/EmailActionProcessor.java
/workspace/core/src/main/java/org/akaza/openclinica/bean/rule/action/RuleActionBean.java
/workspace/core/src/main/java/org/akaza/openclinica/bean/rule/expression/Context.java
/workspace/core/src/main/java/org/akaza/openclinica/bean/rule/expression/ExpressionBean.java
/workspace/core/src/main/java/org/akaza/openclinica/bean/rule/expression/ExpressionObjectWrapper.java
/workspace/core/src/main/java/org/akaza/openclinica/bean/rule/expression/ExpressionProcessor.java
/workspace/core/src/main/java/org/akaza/openclinica/bean/rule/expression/ExpressionProcessorFactory.java
/workspace/core/src/main/java/org/akaza/openclinica/bean/rule/expression/OpenClinicaV1ExpressionProcessor.java
/workspace/core/src/main/java/org/akaza/openclinica/bean/service/PdfProcessingFunction.java
/workspace/core/src/main/java/org/akaza/openclinica/bean/service/ProcessingFunction.java
/workspace/core/src/main/java/org/akaza/openclinica/bean/service/ProcessingInterface.java
/workspace/core/src/main/java/org/akaza/openclinica/bean/service/ProcessingResultType.java
/workspace/core/src/main/java/org/akaza/openclinica/bean/service/SasProcessingFunction.java
/workspace/core/src/main/java/org/akaza/openclinica/bean/service/SqlProcessingFunction.java
/workspace/core/src/main/java/org/akaza/openclinica/bean/service/StudyParameter.java
/workspace/core/src/main/java/org/akaza/openclinica/bean/service/StudyParameterConfig.java
/workspace/core/src/main/java/org/akaza/openclinica/bean/service/StudyParameterValueBean.java
/workspace/core/src/main/java/org/akaza/openclinica/bean/service/StudyParamsConfig.java
/workspace/core/src/main/java/org/akaza/openclinica/bean/submit/CRFVersionBean.java
/workspace/core/src/main/java/org/akaza/openclinica/bean/submit/ChildDisplayItemBeanComparator.java
/workspace/core/src/main/java/org/akaza/openclinica/bean/submit/DataType.java
/workspace/core/src/main/java/org/akaza/openclinica/bean/submit/DisplayEventCRFBean.java
/workspace/core/src/main/java/org/akaza/openclinica/bean/submit/DisplayItemBean.java
/workspace/core/src/main/java/org/akaza/openclinica/bean/submit/DisplayItemBeanWrapper.java
/workspace/core/src/main/java/org/akaza/openclinica/bean/submit/DisplayItemGroupBean.java
/workspace/core/src/main/java/org/akaza/openclinica/bean/submit/DisplayItemWithGroupBean.java
/workspace/core/src/main/java/org/akaza/openclinica/bean/submit/DisplaySectionBean.java
/workspace/core/src/main/java/org/akaza/openclinica/bean/submit/DisplaySubjectBean.java
/workspace/core/src/main/java/org/akaza/openclinica/bean/submit/DisplayTableOfContentsBean.java
/workspace/core/src/main/java/org/akaza/openclinica/bean/submit/EventCRFBean.java
/workspace/core/src/main/java/org/akaza/openclinica/bean/submit/GroupRole.java
/workspace/core/src/main/java/org/akaza/openclinica/bean/submit/GroupType.java
/workspace/core/src/main/java/org/akaza/openclinica/bean/submit/ItemBean.java
/workspace/core/src/main/java/org/akaza/openclinica/bean/submit/ItemDataBean.java
/workspace/core/src/main/java/org/akaza/openclinica/bean/submit/ItemFormMetadataBean.java
/workspace/core/src/main/java/org/akaza/openclinica/bean/submit/ItemGroupBean.java
/workspace/core/src/main/java/org/akaza/openclinica/bean/submit/ItemGroupMetadataBean.java
/workspace/core/src/main/java/org/akaza/openclinica/bean/submit/ResponseOptionBean.java
/workspace/core/src/main/java/org/akaza/openclinica/bean/submit/ResponseSetBean.java
/workspace/core/src/main/java/org/akaza/openclinica/bean/submit/ResponseType.java
/workspace/core/src/main/java/org/akaza/openclinica/bean/submit/SCDItemDisplayInfo.java
/workspace/core/src/main/java/org/akaza/openclinica/bean/submit/SCDRowDisplayStatus.java
/workspace/core/src/main/java/org/akaza/openclinica/bean/submit/SCDShowStatus.java
/workspace/core/src/main/java/org/akaza/openclinica/bean/submit/SectionBean.java
/workspace/core/src/main/java/org/akaza/openclinica/bean/submit/SimpleConditionalDisplayPair.java
/workspace/core/src/main/java/org/akaza/openclinica/bean/submit/SubjectBean.java
/workspace/core/src/main/java/org/akaza/openclinica/bean/submit/SubjectGroupMapBean.java
/workspace/core/src/main/java/org/akaza/openclinica/bean/submit/crfdata/CRFDataPostImportContainer.java
/workspace/core/src/main/java/org/akaza/openclinica/bean/submit/crfdata/ExportFormDataBean.java
/workspace/core/src/main/java/org/akaza/openclinica/bean/submit/crfdata/ExportStudyEventDataBean.java
/workspace/core/src/main/java/org/akaza/openclinica/bean/submit/crfdata/ExportSubjectDataBean.java
/workspace/core/src/main/java/org/akaza/openclinica/bean/submit/crfdata/FormDataBean.java
/workspace/core/src/main/java/org/akaza/openclinica/bean/submit/crfdata/ImportItemDataBean.java
/workspace/core/src/main/java/org/akaza/openclinica/bean/submit/crfdata/ImportItemGroupDataBean.java
/workspace/core/src/main/java/org/akaza/openclinica/bean/submit/crfdata/ODMContainer.java
/workspace/core/src/main/java/org/akaza/openclinica/bean/submit/crfdata/StudyEventDataBean.java
/workspace/core/src/main/java/org/akaza/openclinica/bean/submit/crfdata/SubjectDataBean.java
/workspace/core/src/main/java/org/akaza/openclinica/bean/submit/crfdata/SubjectGroupDataBean.java
/workspace/core/src/main/java/org/akaza/openclinica/bean/submit/crfdata/SummaryStatsBean.java
/workspace/core/src/main/java/org/akaza/openclinica/bean/submit/crfdata/UpsertOnBean.java
/workspace/core/src/main/java/org/akaza/openclinica/core/CRFLocker.java
/workspace/core/src/main/java/org/akaza/openclinica/core/EmailEngine.java
/workspace/core/src/main/java/org/akaza/openclinica/core/ExtendedBasicDataSource.java
/workspace/core/src/main/java/org/akaza/openclinica/core/OpenClinicaMailSender.java
/workspace/core/src/main/java/org/akaza/openclinica/core/OpenClinicaPasswordEncoder.java
/workspace/core/src/main/java/org/akaza/openclinica/core/SecurityManager.java
/workspace/core/src/main/java/org/akaza/openclinica/core/SessionManager.java
/workspace/core/src/main/java/org/akaza/openclinica/core/form/StringUtil.java
/workspace/core/src/main/java/org/akaza/openclinica/core/util/CrfTemplateColumnNameEnum.java
/workspace/core/src/main/java/org/akaza/openclinica/core/util/ItemGroupCrvVersionUtil.java
/workspace/core/src/main/java/org/akaza/openclinica/core/util/Pair.java
/workspace/core/src/main/java/org/akaza/openclinica/core/util/ScriptRunner.java
/workspace/core/src/main/java/org/akaza/openclinica/core/util/XMLFileFilter.java
/workspace/core/src/main/java/org/akaza/openclinica/dao/EventCRFSDVFilter.java
/workspace/core/src/main/java/org/akaza/openclinica/dao/EventCRFSDVSort.java
/workspace/core/src/main/java/org/akaza/openclinica/dao/QueryStore.java
/workspace/core/src/main/java/org/akaza/openclinica/dao/ScheduledJobSort.java
/workspace/core/src/main/java/org/akaza/openclinica/dao/StudySubjectSDVFilter.java
/workspace/core/src/main/java/org/akaza/openclinica/dao/StudySubjectSDVSort.java
/workspace/core/src/main/java/org/akaza/openclinica/dao/admin/AuditDAO.java
/workspace/core/src/main/java/org/akaza/openclinica/dao/admin/AuditEventDAO.java
/workspace/core/src/main/java/org/akaza/openclinica/dao/admin/CRFDAO.java
/workspace/core/src/main/java/org/akaza/openclinica/dao/cache/CacheWrapper.java
/workspace/core/src/main/java/org/akaza/openclinica/dao/cache/EhCacheWrapper.java
/workspace/core/src/main/java/org/akaza/openclinica/dao/cache/StringStatement.java
/workspace/core/src/main/java/org/akaza/openclinica/dao/core/AuditableEntityDAO.java
/workspace/core/src/main/java/org/akaza/openclinica/dao/core/CoreResources.java
/workspace/core/src/main/java/org/akaza/openclinica/dao/core/DAODigester.java
/workspace/core/src/main/java/org/akaza/openclinica/dao/core/DAOInterface.java
/workspace/core/src/main/java/org/akaza/openclinica/dao/core/EntityDAO.java
/workspace/core/src/main/java/org/akaza/openclinica/dao/core/OCContextLoaderListener.java
/workspace/core/src/main/java/org/akaza/openclinica/dao/core/PreparedStatementFactory.java
/workspace/core/src/main/java/org/akaza/openclinica/dao/core/SQLFactory.java
/workspace/core/src/main/java/org/akaza/openclinica/dao/core/TypeNames.java
/workspace/core/src/main/java/org/akaza/openclinica/dao/extract/ArchivedDatasetFileDAO.java
/workspace/core/src/main/java/org/akaza/openclinica/dao/extract/DatasetDAO.java
/workspace/core/src/main/java/org/akaza/openclinica/dao/extract/FilterDAO.java
/workspace/core/src/main/java/org/akaza/openclinica/dao/extract/OdmExtractDAO.java
/workspace/core/src/main/java/org/akaza/openclinica/dao/extract/QueryDAO.java
/workspace/core/src/main/java/org/akaza/openclinica/dao/hibernate/AbstractDomainDao.java
/workspace/core/src/main/java/org/akaza/openclinica/dao/hibernate/AuditEventDao.java
/workspace/core/src/main/java/org/akaza/openclinica/dao/hibernate/AuditLogEventDao.java
/workspace/core/src/main/java/org/akaza/openclinica/dao/hibernate/AuditUserLoginDao.java
/workspace/core/src/main/java/org/akaza/openclinica/dao/hibernate/AuditUserLoginFilter.java
/workspace/core/src/main/java/org/akaza/openclinica/dao/hibernate/AuditUserLoginSort.java
/workspace/core/src/main/java/org/akaza/openclinica/dao/hibernate/AuthoritiesDao.java
/workspace/core/src/main/java/org/akaza/openclinica/dao/hibernate/CompletionStatusDao.java
/workspace/core/src/main/java/org/akaza/openclinica/dao/hibernate/CompositeIdAbstractDomainDao.java
/workspace/core/src/main/java/org/akaza/openclinica/dao/hibernate/ConfigurationDao.java
/workspace/core/src/main/java/org/akaza/openclinica/dao/hibernate/CrfDao.java
/workspace/core/src/main/java/org/akaza/openclinica/dao/hibernate/CrfVersionDao.java
/workspace/core/src/main/java/org/akaza/openclinica/dao/hibernate/CrfVersionMediaDao.java
/workspace/core/src/main/java/org/akaza/openclinica/dao/hibernate/CriteriaCommand.java
/workspace/core/src/main/java/org/akaza/openclinica/dao/hibernate/DatabaseChangeLogDao.java
/workspace/core/src/main/java/org/akaza/openclinica/dao/hibernate/DiscrepancyNoteDao.java
/workspace/core/src/main/java/org/akaza/openclinica/dao/hibernate/DiscrepancyNoteTypeDao.java
/workspace/core/src/main/java/org/akaza/openclinica/dao/hibernate/DnItemDataMapDao.java
/workspace/core/src/main/java/org/akaza/openclinica/dao/hibernate/DynamicsItemFormMetadataDao.java
/workspace/core/src/main/java/org/akaza/openclinica/dao/hibernate/DynamicsItemGroupMetadataDao.java
/workspace/core/src/main/java/org/akaza/openclinica/dao/hibernate/EventCrfDao.java
/workspace/core/src/main/java/org/akaza/openclinica/dao/hibernate/EventCrfFlagDao.java
/workspace/core/src/main/java/org/akaza/openclinica/dao/hibernate/EventCrfFlagWorkflowDao.java
/workspace/core/src/main/java/org/akaza/openclinica/dao/hibernate/EventDefinitionCrfDao.java
/workspace/core/src/main/java/org/akaza/openclinica/dao/hibernate/EventDefinitionCrfItemTagDao.java
/workspace/core/src/main/java/org/akaza/openclinica/dao/hibernate/EventDefinitionCrfTagDao.java
/workspace/core/src/main/java/org/akaza/openclinica/dao/hibernate/HibernateUtil.java
/workspace/core/src/main/java/org/akaza/openclinica/dao/hibernate/IdtViewDao.java
/workspace/core/src/main/java/org/akaza/openclinica/dao/hibernate/ItemDao.java
/workspace/core/src/main/java/org/akaza/openclinica/dao/hibernate/ItemDataDao.java
/workspace/core/src/main/java/org/akaza/openclinica/dao/hibernate/ItemDataFlagDao.java
/workspace/core/src/main/java/org/akaza/openclinica/dao/hibernate/ItemDataFlagWorkflowDao.java
/workspace/core/src/main/java/org/akaza/openclinica/dao/hibernate/ItemDataTypeDao.java
/workspace/core/src/main/java/org/akaza/openclinica/dao/hibernate/ItemFormMetadataDao.java
/workspace/core/src/main/java/org/akaza/openclinica/dao/hibernate/ItemGroupDao.java
/workspace/core/src/main/java/org/akaza/openclinica/dao/hibernate/ItemGroupMetadataDao.java
/workspace/core/src/main/java/org/akaza/openclinica/dao/hibernate/ItemReferenceTypeDao.java
/workspace/core/src/main/java/org/akaza/openclinica/dao/hibernate/MeasurementUnitDao.java
/workspace/core/src/main/java/org/akaza/openclinica/dao/hibernate/OpenClinicaVersionDAO.java
/workspace/core/src/main/java/org/akaza/openclinica/dao/hibernate/PasswordRequirementsDao.java
/workspace/core/src/main/java/org/akaza/openclinica/dao/hibernate/ResolutionStatusDao.java
/workspace/core/src/main/java/org/akaza/openclinica/dao/hibernate/ResponseSetDao.java
/workspace/core/src/main/java/org/akaza/openclinica/dao/hibernate/ResponseTypeDao.java
/workspace/core/src/main/java/org/akaza/openclinica/dao/hibernate/RuleActionPropertyDao.java
/workspace/core/src/main/java/org/akaza/openclinica/dao/hibernate/RuleActionRunLogDao.java
/workspace/core/src/main/java/org/akaza/openclinica/dao/hibernate/RuleDao.java
/workspace/core/src/main/java/org/akaza/openclinica/dao/hibernate/RuleSetAuditDao.java
/workspace/core/src/main/java/org/akaza/openclinica/dao/hibernate/RuleSetDao.java
/workspace/core/src/main/java/org/akaza/openclinica/dao/hibernate/RuleSetRuleAuditDao.java
/workspace/core/src/main/java/org/akaza/openclinica/dao/hibernate/RuleSetRuleDao.java
/workspace/core/src/main/java/org/akaza/openclinica/dao/hibernate/SCDItemMetadataDao.java
/workspace/core/src/main/java/org/akaza/openclinica/dao/hibernate/SectionDao.java
/workspace/core/src/main/java/org/akaza/openclinica/dao/hibernate/StudyDao.java
/workspace/core/src/main/java/org/akaza/openclinica/dao/hibernate/StudyEventDao.java
/workspace/core/src/main/java/org/akaza/openclinica/dao/hibernate/StudyEventDefinitionDao.java
/workspace/core/src/main/java/org/akaza/openclinica/dao/hibernate/StudyModuleStatusDao.java
/workspace/core/src/main/java/org/akaza/openclinica/dao/hibernate/StudyParameterValueDao.java
/workspace/core/src/main/java/org/akaza/openclinica/dao/hibernate/StudySubjectDao.java
/workspace/core/src/main/java/org/akaza/openclinica/dao/hibernate/StudyUserRoleDao.java
/workspace/core/src/main/java/org/akaza/openclinica/dao/hibernate/SubjectDao.java
/workspace/core/src/main/java/org/akaza/openclinica/dao/hibernate/TagDao.java
/workspace/core/src/main/java/org/akaza/openclinica/dao/hibernate/UsageStatsServiceDAO.java
/workspace/core/src/main/java/org/akaza/openclinica/dao/hibernate/UserAccountDao.java
/workspace/core/src/main/java/org/akaza/openclinica/dao/hibernate/UserTypeDao.java
/workspace/core/src/main/java/org/akaza/openclinica/dao/hibernate/VersioningMapDao.java
/workspace/core/src/main/java/org/akaza/openclinica/dao/hibernate/ViewRuleAssignmentFilter.java
/workspace/core/src/main/java/org/akaza/openclinica/dao/hibernate/ViewRuleAssignmentSort.java
/workspace/core/src/main/java/org/akaza/openclinica/dao/logic/MaskingDAO.java
/workspace/core/src/main/java/org/akaza/openclinica/dao/login/UserAccountDAO.java
/workspace/core/src/main/java/org/akaza/openclinica/dao/managestudy/CriteriaCommand.java
/workspace/core/src/main/java/org/akaza/openclinica/dao/managestudy/DiscrepancyNoteDAO.java
/workspace/core/src/main/java/org/akaza/openclinica/dao/managestudy/EventDefinitionCRFDAO.java
/workspace/core/src/main/java/org/akaza/openclinica/dao/managestudy/FindSubjectsFilter.java
/workspace/core/src/main/java/org/akaza/openclinica/dao/managestudy/FindSubjectsSort.java
/workspace/core/src/main/java/org/akaza/openclinica/dao/managestudy/ListDiscNotesForCRFFilter.java
/workspace/core/src/main/java/org/akaza/openclinica/dao/managestudy/ListDiscNotesForCRFSort.java
/workspace/core/src/main/java/org/akaza/openclinica/dao/managestudy/ListDiscNotesSubjectFilter.java
/workspace/core/src/main/java/org/akaza/openclinica/dao/managestudy/ListDiscNotesSubjectSort.java
/workspace/core/src/main/java/org/akaza/openclinica/dao/managestudy/ListEventsForSubjectFilter.java
/workspace/core/src/main/java/org/akaza/openclinica/dao/managestudy/ListEventsForSubjectSort.java
/workspace/core/src/main/java/org/akaza/openclinica/dao/managestudy/ListNotesFilter.java
/workspace/core/src/main/java/org/akaza/openclinica/dao/managestudy/ListNotesSort.java
/workspace/core/src/main/java/org/akaza/openclinica/dao/managestudy/StudyAuditLogFilter.java
/workspace/core/src/main/java/org/akaza/openclinica/dao/managestudy/StudyAuditLogSort.java
/workspace/core/src/main/java/org/akaza/openclinica/dao/managestudy/StudyDAO.java
/workspace/core/src/main/java/org/akaza/openclinica/dao/managestudy/StudyEventDAO.java
/workspace/core/src/main/java/org/akaza/openclinica/dao/managestudy/StudyEventDefinitionDAO.java
/workspace/core/src/main/java/org/akaza/openclinica/dao/managestudy/StudyGroupClassDAO.java
/workspace/core/src/main/java/org/akaza/openclinica/dao/managestudy/StudyGroupDAO.java
/workspace/core/src/main/java/org/akaza/openclinica/dao/managestudy/StudySubjectDAO.java
/workspace/core/src/main/java/org/akaza/openclinica/dao/managestudy/ViewNotesDao.java
/workspace/core/src/main/java/org/akaza/openclinica/dao/managestudy/ViewNotesDaoImpl.java
/workspace/core/src/main/java/org/akaza/openclinica/dao/rule/ExpressionDAO.java
/workspace/core/src/main/java/org/akaza/openclinica/dao/rule/RuleDAO.java
/workspace/core/src/main/java/org/akaza/openclinica/dao/rule/RuleSetAuditDAO.java
/workspace/core/src/main/java/org/akaza/openclinica/dao/rule/RuleSetDAO.java
/workspace/core/src/main/java/org/akaza/openclinica/dao/rule/RuleSetRuleAuditDAO.java
/workspace/core/src/main/java/org/akaza/openclinica/dao/rule/RuleSetRuleDAO.java
/workspace/core/src/main/java/org/akaza/openclinica/dao/rule/action/RuleActionDAO.java
/workspace/core/src/main/java/org/akaza/openclinica/dao/service/StudyConfigService.java
/workspace/core/src/main/java/org/akaza/openclinica/dao/service/StudyParameterValueDAO.java
/workspace/core/src/main/java/org/akaza/openclinica/dao/submit/CRFVersionDAO.java
/workspace/core/src/main/java/org/akaza/openclinica/dao/submit/EventCRFDAO.java
/workspace/core/src/main/java/org/akaza/openclinica/dao/submit/ItemDAO.java
/workspace/core/src/main/java/org/akaza/openclinica/dao/submit/ItemDataDAO.java
/workspace/core/src/main/java/org/akaza/openclinica/dao/submit/ItemFormMetadataDAO.java
/workspace/core/src/main/java/org/akaza/openclinica/dao/submit/ItemGroupDAO.java
/workspace/core/src/main/java/org/akaza/openclinica/dao/submit/ItemGroupMetadataDAO.java
/workspace/core/src/main/java/org/akaza/openclinica/dao/submit/ListSubjectFilter.java
/workspace/core/src/main/java/org/akaza/openclinica/dao/submit/ListSubjectSort.java
/workspace/core/src/main/java/org/akaza/openclinica/dao/submit/SectionDAO.java
/workspace/core/src/main/java/org/akaza/openclinica/dao/submit/SubjectDAO.java
/workspace/core/src/main/java/org/akaza/openclinica/dao/submit/SubjectGroupMapDAO.java
/workspace/core/src/main/java/org/akaza/openclinica/dao/ws/SubjectTransferDAO.java
/workspace/core/src/main/java/org/akaza/openclinica/domain/AbstractAuditableMutableDomainObject.java
/workspace/core/src/main/java/org/akaza/openclinica/domain/AbstractMutableDomainObject.java
/workspace/core/src/main/java/org/akaza/openclinica/domain/AuditableDomainBeanWrapper.java
/workspace/core/src/main/java/org/akaza/openclinica/domain/AuditableMutableDomainObject.java
/workspace/core/src/main/java/org/akaza/openclinica/domain/CompositeIdDomainObject.java
/workspace/core/src/main/java/org/akaza/openclinica/domain/DataMapDomainObject.java
/workspace/core/src/main/java/org/akaza/openclinica/domain/DomainObject.java
/workspace/core/src/main/java/org/akaza/openclinica/domain/EventCRFStatus.java
/workspace/core/src/main/java/org/akaza/openclinica/domain/MutableDomainObject.java
/workspace/core/src/main/java/org/akaza/openclinica/domain/OpenClinicaVersionBean.java
/workspace/core/src/main/java/org/akaza/openclinica/domain/SourceDataVerification.java
/workspace/core/src/main/java/org/akaza/openclinica/domain/Status.java
/workspace/core/src/main/java/org/akaza/openclinica/domain/admin/MeasurementUnit.java
/workspace/core/src/main/java/org/akaza/openclinica/domain/crfdata/DynamicsItemFormMetadataBean.java
/workspace/core/src/main/java/org/akaza/openclinica/domain/crfdata/DynamicsItemGroupMetadataBean.java
/workspace/core/src/main/java/org/akaza/openclinica/domain/crfdata/InstantOnChangePairContainer.java
/workspace/core/src/main/java/org/akaza/openclinica/domain/crfdata/InstantOnChangeType.java
/workspace/core/src/main/java/org/akaza/openclinica/domain/crfdata/SCDItemMetadataBean.java
/workspace/core/src/main/java/org/akaza/openclinica/domain/datamap/AuditEvent.java
/workspace/core/src/main/java/org/akaza/openclinica/domain/datamap/AuditLogEvent.java
/workspace/core/src/main/java/org/akaza/openclinica/domain/datamap/AuditLogEventType.java
/workspace/core/src/main/java/org/akaza/openclinica/domain/datamap/CompletionStatus.java
/workspace/core/src/main/java/org/akaza/openclinica/domain/datamap/CrfBean.java
/workspace/core/src/main/java/org/akaza/openclinica/domain/datamap/CrfVersion.java
/workspace/core/src/main/java/org/akaza/openclinica/domain/datamap/CrfVersionMedia.java
/workspace/core/src/main/java/org/akaza/openclinica/domain/datamap/DiscrepancyNote.java
/workspace/core/src/main/java/org/akaza/openclinica/domain/datamap/DiscrepancyNoteType.java
/workspace/core/src/main/java/org/akaza/openclinica/domain/datamap/DnEventCrfMap.java
/workspace/core/src/main/java/org/akaza/openclinica/domain/datamap/DnEventCrfMapId.java
/workspace/core/src/main/java/org/akaza/openclinica/domain/datamap/DnItemDataMap.java
/workspace/core/src/main/java/org/akaza/openclinica/domain/datamap/DnItemDataMapId.java
/workspace/core/src/main/java/org/akaza/openclinica/domain/datamap/DnStudyEventMap.java
/workspace/core/src/main/java/org/akaza/openclinica/domain/datamap/DnStudyEventMapId.java
/workspace/core/src/main/java/org/akaza/openclinica/domain/datamap/DnStudySubjectMap.java
/workspace/core/src/main/java/org/akaza/openclinica/domain/datamap/DnStudySubjectMapId.java
/workspace/core/src/main/java/org/akaza/openclinica/domain/datamap/DnSubjectMap.java
/workspace/core/src/main/java/org/akaza/openclinica/domain/datamap/DnSubjectMapId.java
/workspace/core/src/main/java/org/akaza/openclinica/domain/datamap/EventCrf.java
/workspace/core/src/main/java/org/akaza/openclinica/domain/datamap/EventCrfFlag.java
/workspace/core/src/main/java/org/akaza/openclinica/domain/datamap/EventCrfFlagWorkflow.java
/workspace/core/src/main/java/org/akaza/openclinica/domain/datamap/EventDefinitionCrf.java
/workspace/core/src/main/java/org/akaza/openclinica/domain/datamap/EventDefinitionCrfItemTag.java
/workspace/core/src/main/java/org/akaza/openclinica/domain/datamap/EventDefinitionCrfTag.java
/workspace/core/src/main/java/org/akaza/openclinica/domain/datamap/GroupClassTypes.java
/workspace/core/src/main/java/org/akaza/openclinica/domain/datamap/IdtView.java
/workspace/core/src/main/java/org/akaza/openclinica/domain/datamap/Item.java
/workspace/core/src/main/java/org/akaza/openclinica/domain/datamap/ItemData.java
/workspace/core/src/main/java/org/akaza/openclinica/domain/datamap/ItemDataFlag.java
/workspace/core/src/main/java/org/akaza/openclinica/domain/datamap/ItemDataFlagWorkflow.java
/workspace/core/src/main/java/org/akaza/openclinica/domain/datamap/ItemDataType.java
/workspace/core/src/main/java/org/akaza/openclinica/domain/datamap/ItemFormMetadata.java
/workspace/core/src/main/java/org/akaza/openclinica/domain/datamap/ItemGroup.java
/workspace/core/src/main/java/org/akaza/openclinica/domain/datamap/ItemGroupMetadata.java
/workspace/core/src/main/java/org/akaza/openclinica/domain/datamap/ItemReferenceType.java
/workspace/core/src/main/java/org/akaza/openclinica/domain/datamap/MeasurementUnit.java
/workspace/core/src/main/java/org/akaza/openclinica/domain/datamap/NullValueType.java
/workspace/core/src/main/java/org/akaza/openclinica/domain/datamap/OpenclinicaVersion.java
/workspace/core/src/main/java/org/akaza/openclinica/domain/datamap/ResolutionStatus.java
/workspace/core/src/main/java/org/akaza/openclinica/domain/datamap/ResponseSet.java
/workspace/core/src/main/java/org/akaza/openclinica/domain/datamap/ResponseType.java
/workspace/core/src/main/java/org/akaza/openclinica/domain/datamap/Section.java
/workspace/core/src/main/java/org/akaza/openclinica/domain/datamap/Study.java
/workspace/core/src/main/java/org/akaza/openclinica/domain/datamap/StudyEvent.java
/workspace/core/src/main/java/org/akaza/openclinica/domain/datamap/StudyEventDefinition.java
/workspace/core/src/main/java/org/akaza/openclinica/domain/datamap/StudyGroup.java
/workspace/core/src/main/java/org/akaza/openclinica/domain/datamap/StudyGroupClass.java
/workspace/core/src/main/java/org/akaza/openclinica/domain/datamap/StudyModuleStatus.java
/workspace/core/src/main/java/org/akaza/openclinica/domain/datamap/StudyParameter.java
/workspace/core/src/main/java/org/akaza/openclinica/domain/datamap/StudyParameterValue.java
/workspace/core/src/main/java/org/akaza/openclinica/domain/datamap/StudyParameterValueId.java
/workspace/core/src/main/java/org/akaza/openclinica/domain/datamap/StudySubject.java
/workspace/core/src/main/java/org/akaza/openclinica/domain/datamap/StudyType.java
/workspace/core/src/main/java/org/akaza/openclinica/domain/datamap/StudyUserRole.java
/workspace/core/src/main/java/org/akaza/openclinica/domain/datamap/StudyUserRoleId.java
/workspace/core/src/main/java/org/akaza/openclinica/domain/datamap/Subject.java
/workspace/core/src/main/java/org/akaza/openclinica/domain/datamap/SubjectEventStatus.java
/workspace/core/src/main/java/org/akaza/openclinica/domain/datamap/SubjectGroupMap.java
/workspace/core/src/main/java/org/akaza/openclinica/domain/datamap/Tag.java
/workspace/core/src/main/java/org/akaza/openclinica/domain/datamap/VersioningMap.java
/workspace/core/src/main/java/org/akaza/openclinica/domain/datamap/VersioningMapId.java
/workspace/core/src/main/java/org/akaza/openclinica/domain/enumsupport/CodedEnum.java
/workspace/core/src/main/java/org/akaza/openclinica/domain/enumsupport/CodedEnumPersistenceException.java
/workspace/core/src/main/java/org/akaza/openclinica/domain/enumsupport/CodedEnumType.java
/workspace/core/src/main/java/org/akaza/openclinica/domain/managestudy/StudyModuleStatus.java
/workspace/core/src/main/java/org/akaza/openclinica/domain/rule/AuditableBeanWrapper.java
/workspace/core/src/main/java/org/akaza/openclinica/domain/rule/RuleBean.java
/workspace/core/src/main/java/org/akaza/openclinica/domain/rule/RuleBulkExecuteContainer.java
/workspace/core/src/main/java/org/akaza/openclinica/domain/rule/RuleBulkExecuteContainerTwo.java
/workspace/core/src/main/java/org/akaza/openclinica/domain/rule/RuleSetAuditBean.java
/workspace/core/src/main/java/org/akaza/openclinica/domain/rule/RuleSetBasedViewContainer.java
/workspace/core/src/main/java/org/akaza/openclinica/domain/rule/RuleSetBean.java
/workspace/core/src/main/java/org/akaza/openclinica/domain/rule/RuleSetRuleAuditBean.java
/workspace/core/src/main/java/org/akaza/openclinica/domain/rule/RuleSetRuleBean.java
/workspace/core/src/main/java/org/akaza/openclinica/domain/rule/RulesPostImportContainer.java
/workspace/core/src/main/java/org/akaza/openclinica/domain/rule/RunOnSchedule.java
/workspace/core/src/main/java/org/akaza/openclinica/domain/rule/action/ActionProcessor.java
/workspace/core/src/main/java/org/akaza/openclinica/domain/rule/action/ActionProcessorFacade.java
/workspace/core/src/main/java/org/akaza/openclinica/domain/rule/action/ActionType.java
/workspace/core/src/main/java/org/akaza/openclinica/domain/rule/action/DataEntryPhase.java
/workspace/core/src/main/java/org/akaza/openclinica/domain/rule/action/DiscrepancyNoteActionBean.java
/workspace/core/src/main/java/org/akaza/openclinica/domain/rule/action/DiscrepancyNoteActionProcessor.java
/workspace/core/src/main/java/org/akaza/openclinica/domain/rule/action/EmailActionBean.java
/workspace/core/src/main/java/org/akaza/openclinica/domain/rule/action/EmailActionProcessor.java
/workspace/core/src/main/java/org/akaza/openclinica/domain/rule/action/EventActionBean.java
/workspace/core/src/main/java/org/akaza/openclinica/domain/rule/action/EventActionProcessor.java
/workspace/core/src/main/java/org/akaza/openclinica/domain/rule/action/EventPropertyBean.java
/workspace/core/src/main/java/org/akaza/openclinica/domain/rule/action/HideActionBean.java
/workspace/core/src/main/java/org/akaza/openclinica/domain/rule/action/HideActionProcessor.java
/workspace/core/src/main/java/org/akaza/openclinica/domain/rule/action/InsertActionBean.java
/workspace/core/src/main/java/org/akaza/openclinica/domain/rule/action/InsertActionProcessor.java
/workspace/core/src/main/java/org/akaza/openclinica/domain/rule/action/NotificationActionBean.java
/workspace/core/src/main/java/org/akaza/openclinica/domain/rule/action/NotificationActionProcessor.java
/workspace/core/src/main/java/org/akaza/openclinica/domain/rule/action/PropertyBean.java
/workspace/core/src/main/java/org/akaza/openclinica/domain/rule/action/RandomizeActionBean.java
/workspace/core/src/main/java/org/akaza/openclinica/domain/rule/action/RandomizeActionProcessor.java
/workspace/core/src/main/java/org/akaza/openclinica/domain/rule/action/RuleActionBean.java
/workspace/core/src/main/java/org/akaza/openclinica/domain/rule/action/RuleActionComparator.java
/workspace/core/src/main/java/org/akaza/openclinica/domain/rule/action/RuleActionRunBean.java
/workspace/core/src/main/java/org/akaza/openclinica/domain/rule/action/RuleActionRunEventBean.java
/workspace/core/src/main/java/org/akaza/openclinica/domain/rule/action/RuleActionRunLogBean.java
/workspace/core/src/main/java/org/akaza/openclinica/domain/rule/action/ShowActionBean.java
/workspace/core/src/main/java/org/akaza/openclinica/domain/rule/action/ShowActionProcessor.java
/workspace/core/src/main/java/org/akaza/openclinica/domain/rule/action/StratificationFactorBean.java
/workspace/core/src/main/java/org/akaza/openclinica/domain/rule/expression/Context.java
/workspace/core/src/main/java/org/akaza/openclinica/domain/rule/expression/ExpressionBean.java
/workspace/core/src/main/java/org/akaza/openclinica/domain/rule/expression/ExpressionBeanObjectWrapper.java
/workspace/core/src/main/java/org/akaza/openclinica/domain/rule/expression/ExpressionObjectWrapper.java
/workspace/core/src/main/java/org/akaza/openclinica/domain/rule/expression/ExpressionProcessor.java
/workspace/core/src/main/java/org/akaza/openclinica/domain/rule/expression/ExpressionProcessorFactory.java
/workspace/core/src/main/java/org/akaza/openclinica/domain/rule/expression/OpenClinicaV1ExpressionProcessor.java
/workspace/core/src/main/java/org/akaza/openclinica/domain/technicaladmin/AuditUserLoginBean.java
/workspace/core/src/main/java/org/akaza/openclinica/domain/technicaladmin/ConfigurationBean.java
/workspace/core/src/main/java/org/akaza/openclinica/domain/technicaladmin/DatabaseChangeLogBean.java
/workspace/core/src/main/java/org/akaza/openclinica/domain/technicaladmin/DatabaseChangeLogBeanPk.java
/workspace/core/src/main/java/org/akaza/openclinica/domain/technicaladmin/LoginStatus.java
/workspace/core/src/main/java/org/akaza/openclinica/domain/usageStats/LogUsageStatsBean.java
/workspace/core/src/main/java/org/akaza/openclinica/domain/user/AuthoritiesBean.java
/workspace/core/src/main/java/org/akaza/openclinica/domain/user/LdapUser.java
/workspace/core/src/main/java/org/akaza/openclinica/domain/user/UserAccount.java
/workspace/core/src/main/java/org/akaza/openclinica/domain/user/UserType.java
/workspace/core/src/main/java/org/akaza/openclinica/domain/xform/XformContainer.java
/workspace/core/src/main/java/org/akaza/openclinica/domain/xform/XformGroup.java
/workspace/core/src/main/java/org/akaza/openclinica/domain/xform/XformItem.java
/workspace/core/src/main/java/org/akaza/openclinica/domain/xform/XformParser.java
/workspace/core/src/main/java/org/akaza/openclinica/domain/xform/XformUtils.java
/workspace/core/src/main/java/org/akaza/openclinica/domain/xform/dto/Bind.java
/workspace/core/src/main/java/org/akaza/openclinica/domain/xform/dto/Body.java
/workspace/core/src/main/java/org/akaza/openclinica/domain/xform/dto/Group.java
/workspace/core/src/main/java/org/akaza/openclinica/domain/xform/dto/Head.java
/workspace/core/src/main/java/org/akaza/openclinica/domain/xform/dto/Hint.java
/workspace/core/src/main/java/org/akaza/openclinica/domain/xform/dto/Html.java
/workspace/core/src/main/java/org/akaza/openclinica/domain/xform/dto/Input.java
/workspace/core/src/main/java/org/akaza/openclinica/domain/xform/dto/Item.java
/workspace/core/src/main/java/org/akaza/openclinica/domain/xform/dto/ItemSet.java
/workspace/core/src/main/java/org/akaza/openclinica/domain/xform/dto/Itext.java
/workspace/core/src/main/java/org/akaza/openclinica/domain/xform/dto/Label.java
/workspace/core/src/main/java/org/akaza/openclinica/domain/xform/dto/Model.java
/workspace/core/src/main/java/org/akaza/openclinica/domain/xform/dto/Repeat.java
/workspace/core/src/main/java/org/akaza/openclinica/domain/xform/dto/Section.java
/workspace/core/src/main/java/org/akaza/openclinica/domain/xform/dto/Select.java
/workspace/core/src/main/java/org/akaza/openclinica/domain/xform/dto/Select1.java
/workspace/core/src/main/java/org/akaza/openclinica/domain/xform/dto/Text.java
/workspace/core/src/main/java/org/akaza/openclinica/domain/xform/dto/Translation.java
/workspace/core/src/main/java/org/akaza/openclinica/domain/xform/dto/Upload.java
/workspace/core/src/main/java/org/akaza/openclinica/domain/xform/dto/UserControl.java
/workspace/core/src/main/java/org/akaza/openclinica/domain/xform/dto/Value.java
/workspace/core/src/main/java/org/akaza/openclinica/exception/CRFReadingException.java
/workspace/core/src/main/java/org/akaza/openclinica/exception/DAOCleanupFailureException.java
/workspace/core/src/main/java/org/akaza/openclinica/exception/MultipleItemValuesFoundInXMLParsingException.java
/workspace/core/src/main/java/org/akaza/openclinica/exception/OpenClinicaException.java
/workspace/core/src/main/java/org/akaza/openclinica/exception/OpenClinicaSystemException.java
/workspace/core/src/main/java/org/akaza/openclinica/exception/PreparedStatementFactoryException.java
/workspace/core/src/main/java/org/akaza/openclinica/exception/ScoreException.java
/workspace/core/src/main/java/org/akaza/openclinica/i18n/core/LocaleResolver.java
/workspace/core/src/main/java/org/akaza/openclinica/i18n/util/HtmlUtils.java
/workspace/core/src/main/java/org/akaza/openclinica/i18n/util/I18nFormatUtil.java
/workspace/core/src/main/java/org/akaza/openclinica/i18n/util/ResourceBundleProvider.java
/workspace/core/src/main/java/org/akaza/openclinica/job/EmptyThreadPool.java
/workspace/core/src/main/java/org/akaza/openclinica/job/JobExecutionExceptionListener.java
/workspace/core/src/main/java/org/akaza/openclinica/job/JobInterruptedException.java
/workspace/core/src/main/java/org/akaza/openclinica/job/JobTerminationMonitor.java
/workspace/core/src/main/java/org/akaza/openclinica/job/JobTriggerListener.java
/workspace/core/src/main/java/org/akaza/openclinica/job/OpenClinicaSchedulerFactoryBean.java
/workspace/core/src/main/java/org/akaza/openclinica/job/OpenClinicaStdSchedulerFactory.java
/workspace/core/src/main/java/org/akaza/openclinica/job/XsltStatefulJob.java
/workspace/core/src/main/java/org/akaza/openclinica/job/XsltTransformJob.java
/workspace/core/src/main/java/org/akaza/openclinica/log/LogFilterBase.java
/workspace/core/src/main/java/org/akaza/openclinica/log/LogFilterFacilityAUTH.java
/workspace/core/src/main/java/org/akaza/openclinica/log/LogFilterFacilityAUTHPRIV.java
/workspace/core/src/main/java/org/akaza/openclinica/log/LogFilterFacilityCRON.java
/workspace/core/src/main/java/org/akaza/openclinica/log/LogFilterFacilityDAEMON.java
/workspace/core/src/main/java/org/akaza/openclinica/log/LogFilterFacilityLPR.java
/workspace/core/src/main/java/org/akaza/openclinica/log/LogFilterFacilityMAIL.java
/workspace/core/src/main/java/org/akaza/openclinica/log/LogFilterFacilityUSER.java
/workspace/core/src/main/java/org/akaza/openclinica/log/LogFilterFacilityUUCP.java
/workspace/core/src/main/java/org/akaza/openclinica/log/LogFilterOther.java
/workspace/core/src/main/java/org/akaza/openclinica/log/LoggerStartupListener.java
/workspace/core/src/main/java/org/akaza/openclinica/log/LoggingConstants.java
/workspace/core/src/main/java/org/akaza/openclinica/log/Stopwatch.java
/workspace/core/src/main/java/org/akaza/openclinica/logic/core/BusinessEvaluator.java
/workspace/core/src/main/java/org/akaza/openclinica/logic/core/BusinessRule.java
/workspace/core/src/main/java/org/akaza/openclinica/logic/expressionTree/ArithmeticOpNode.java
/workspace/core/src/main/java/org/akaza/openclinica/logic/expressionTree/ConditionalOpNode.java
/workspace/core/src/main/java/org/akaza/openclinica/logic/expressionTree/ConstantNode.java
/workspace/core/src/main/java/org/akaza/openclinica/logic/expressionTree/EqualityOpNode.java
/workspace/core/src/main/java/org/akaza/openclinica/logic/expressionTree/ExpressionNode.java
/workspace/core/src/main/java/org/akaza/openclinica/logic/expressionTree/ExpressionNodeFactory.java
/workspace/core/src/main/java/org/akaza/openclinica/logic/expressionTree/ExpressionTreeHelper.java
/workspace/core/src/main/java/org/akaza/openclinica/logic/expressionTree/OpenClinicaBeanVariableNode.java
/workspace/core/src/main/java/org/akaza/openclinica/logic/expressionTree/OpenClinicaExpressionParser.java
/workspace/core/src/main/java/org/akaza/openclinica/logic/expressionTree/OpenClinicaVariableNode.java
/workspace/core/src/main/java/org/akaza/openclinica/logic/expressionTree/Operator.java
/workspace/core/src/main/java/org/akaza/openclinica/logic/expressionTree/RelationalOpNode.java
/workspace/core/src/main/java/org/akaza/openclinica/logic/expressionTree/TextIO.java
/workspace/core/src/main/java/org/akaza/openclinica/logic/expressionTree/UnaryMinusNode.java
/workspace/core/src/main/java/org/akaza/openclinica/logic/importdata/ImportDataHelper.java
/workspace/core/src/main/java/org/akaza/openclinica/logic/masking/SubjectMaskingEvaluator.java
/workspace/core/src/main/java/org/akaza/openclinica/logic/masking/rules/MaskSubjectDOBRule.java
/workspace/core/src/main/java/org/akaza/openclinica/logic/odmExport/AdminDataCollector.java
/workspace/core/src/main/java/org/akaza/openclinica/logic/odmExport/AdminDataUnit.java
/workspace/core/src/main/java/org/akaza/openclinica/logic/odmExport/ClinicalDataCollector.java
/workspace/core/src/main/java/org/akaza/openclinica/logic/odmExport/ClinicalDataUnit.java
/workspace/core/src/main/java/org/akaza/openclinica/logic/odmExport/ClinicalDataUtil.java
/workspace/core/src/main/java/org/akaza/openclinica/logic/odmExport/MetaDataCollector.java
/workspace/core/src/main/java/org/akaza/openclinica/logic/odmExport/MetadataUnit.java
/workspace/core/src/main/java/org/akaza/openclinica/logic/odmExport/OdmDataCollector.java
/workspace/core/src/main/java/org/akaza/openclinica/logic/odmExport/OdmStudyBase.java
/workspace/core/src/main/java/org/akaza/openclinica/logic/odmExport/OdmUnit.java
/workspace/core/src/main/java/org/akaza/openclinica/logic/rulerunner/BeanPropertyRuleRunner.java
/workspace/core/src/main/java/org/akaza/openclinica/logic/rulerunner/CrfBulkRuleRunner.java
/workspace/core/src/main/java/org/akaza/openclinica/logic/rulerunner/DataEntryRuleRunner.java
/workspace/core/src/main/java/org/akaza/openclinica/logic/rulerunner/ExecutionMode.java
/workspace/core/src/main/java/org/akaza/openclinica/logic/rulerunner/ImportDataRuleRunner.java
/workspace/core/src/main/java/org/akaza/openclinica/logic/rulerunner/ImportDataRuleRunnerContainer.java
/workspace/core/src/main/java/org/akaza/openclinica/logic/rulerunner/MessageContainer.java
/workspace/core/src/main/java/org/akaza/openclinica/logic/rulerunner/RuleActionContainer.java
/workspace/core/src/main/java/org/akaza/openclinica/logic/rulerunner/RuleActionContainerComparator.java
/workspace/core/src/main/java/org/akaza/openclinica/logic/rulerunner/RuleRunner.java
/workspace/core/src/main/java/org/akaza/openclinica/logic/rulerunner/RuleSetBulkRuleRunner.java
/workspace/core/src/main/java/org/akaza/openclinica/logic/score/Parser.java
/workspace/core/src/main/java/org/akaza/openclinica/logic/score/ScoreCalculator.java
/workspace/core/src/main/java/org/akaza/openclinica/logic/score/ScoreSymbol.java
/workspace/core/src/main/java/org/akaza/openclinica/logic/score/ScoreToken.java
/workspace/core/src/main/java/org/akaza/openclinica/logic/score/ScoreUtil.java
/workspace/core/src/main/java/org/akaza/openclinica/logic/score/ScoreValidator.java
/workspace/core/src/main/java/org/akaza/openclinica/logic/score/function/AbstractFunction.java
/workspace/core/src/main/java/org/akaza/openclinica/logic/score/function/Avg.java
/workspace/core/src/main/java/org/akaza/openclinica/logic/score/function/Decode.java
/workspace/core/src/main/java/org/akaza/openclinica/logic/score/function/Function.java
/workspace/core/src/main/java/org/akaza/openclinica/logic/score/function/GetExternalValue.java
/workspace/core/src/main/java/org/akaza/openclinica/logic/score/function/Max.java
/workspace/core/src/main/java/org/akaza/openclinica/logic/score/function/Median.java
/workspace/core/src/main/java/org/akaza/openclinica/logic/score/function/Min.java
/workspace/core/src/main/java/org/akaza/openclinica/logic/score/function/Pow.java
/workspace/core/src/main/java/org/akaza/openclinica/logic/score/function/Stdev.java
/workspace/core/src/main/java/org/akaza/openclinica/logic/score/function/Sum.java
/workspace/core/src/main/java/org/akaza/openclinica/patterns/ocobserver/Listener.java
/workspace/core/src/main/java/org/akaza/openclinica/patterns/ocobserver/Observer.java
/workspace/core/src/main/java/org/akaza/openclinica/patterns/ocobserver/OnStudyEventChanged.java
/workspace/core/src/main/java/org/akaza/openclinica/patterns/ocobserver/OnStudyEventCreated.java
/workspace/core/src/main/java/org/akaza/openclinica/patterns/ocobserver/OnStudyEventJDBCBeanChanged.java
/workspace/core/src/main/java/org/akaza/openclinica/patterns/ocobserver/OnStudyEventUpdated.java
/workspace/core/src/main/java/org/akaza/openclinica/patterns/ocobserver/StudyEventBeanContainer.java
/workspace/core/src/main/java/org/akaza/openclinica/patterns/ocobserver/StudyEventChangeDetails.java
/workspace/core/src/main/java/org/akaza/openclinica/patterns/ocobserver/StudyEventContainer.java
/workspace/core/src/main/java/org/akaza/openclinica/service/BulkEmailSenderService.java
/workspace/core/src/main/java/org/akaza/openclinica/service/DiscrepancyNoteThread.java
/workspace/core/src/main/java/org/akaza/openclinica/service/DiscrepancyNoteUtil.java
/workspace/core/src/main/java/org/akaza/openclinica/service/DiscrepancyNotesSummary.java
/workspace/core/src/main/java/org/akaza/openclinica/service/EventService.java
/workspace/core/src/main/java/org/akaza/openclinica/service/EventServiceInterface.java
/workspace/core/src/main/java/org/akaza/openclinica/service/ItemItemDataContainer.java
/workspace/core/src/main/java/org/akaza/openclinica/service/JobTriggerService.java
/workspace/core/src/main/java/org/akaza/openclinica/service/ParticipantEventService.java
/workspace/core/src/main/java/org/akaza/openclinica/service/PformValidator.java
/workspace/core/src/main/java/org/akaza/openclinica/service/RandomizeService.java
/workspace/core/src/main/java/org/akaza/openclinica/service/crfdata/BeanPropertyService.java
/workspace/core/src/main/java/org/akaza/openclinica/service/crfdata/DynamicsMetadataService.java
/workspace/core/src/main/java/org/akaza/openclinica/service/crfdata/HideCRFManager.java
/workspace/core/src/main/java/org/akaza/openclinica/service/crfdata/InstantOnChangeService.java
/workspace/core/src/main/java/org/akaza/openclinica/service/crfdata/MetadataServiceInterface.java
/workspace/core/src/main/java/org/akaza/openclinica/service/crfdata/ResponseSetService.java
/workspace/core/src/main/java/org/akaza/openclinica/service/crfdata/SCDData.java
/workspace/core/src/main/java/org/akaza/openclinica/service/crfdata/SimpleConditionalDisplayService.java
/workspace/core/src/main/java/org/akaza/openclinica/service/crfdata/XformMetaDataService.java
/workspace/core/src/main/java/org/akaza/openclinica/service/crfdata/front/AbstractFrontStr.java
/workspace/core/src/main/java/org/akaza/openclinica/service/crfdata/front/FrontStrDelimiter.java
/workspace/core/src/main/java/org/akaza/openclinica/service/crfdata/front/InstantOnChangeFrontStr.java
/workspace/core/src/main/java/org/akaza/openclinica/service/crfdata/front/InstantOnChangeFrontStrGroup.java
/workspace/core/src/main/java/org/akaza/openclinica/service/crfdata/front/InstantOnChangeFrontStrParcel.java
/workspace/core/src/main/java/org/akaza/openclinica/service/extract/ExtractUtils.java
/workspace/core/src/main/java/org/akaza/openclinica/service/extract/GenerateClinicalDataService.java
/workspace/core/src/main/java/org/akaza/openclinica/service/extract/GenerateClinicalDataServiceImpl.java
/workspace/core/src/main/java/org/akaza/openclinica/service/extract/GenerateExtractFileService.java
/workspace/core/src/main/java/org/akaza/openclinica/service/extract/OdmFileCreation.java
/workspace/core/src/main/java/org/akaza/openclinica/service/extract/XsltTriggerService.java
/workspace/core/src/main/java/org/akaza/openclinica/service/managestudy/DiscrepancyNoteService.java
/workspace/core/src/main/java/org/akaza/openclinica/service/managestudy/EventDefinitionCrfTagService.java
/workspace/core/src/main/java/org/akaza/openclinica/service/managestudy/StudySubjectService.java
/workspace/core/src/main/java/org/akaza/openclinica/service/managestudy/StudySubjectServiceImpl.java
/workspace/core/src/main/java/org/akaza/openclinica/service/managestudy/ViewNotesFilterCriteria.java
/workspace/core/src/main/java/org/akaza/openclinica/service/managestudy/ViewNotesService.java
/workspace/core/src/main/java/org/akaza/openclinica/service/managestudy/ViewNotesServiceImpl.java
/workspace/core/src/main/java/org/akaza/openclinica/service/managestudy/ViewNotesSortCriteria.java
/workspace/core/src/main/java/org/akaza/openclinica/service/pmanage/Authorization.java
/workspace/core/src/main/java/org/akaza/openclinica/service/pmanage/AuthorizationStatus.java
/workspace/core/src/main/java/org/akaza/openclinica/service/pmanage/Organization.java
/workspace/core/src/main/java/org/akaza/openclinica/service/pmanage/ParticipantPortalRegistrar.java
/workspace/core/src/main/java/org/akaza/openclinica/service/pmanage/RandomizationRegistrar.java
/workspace/core/src/main/java/org/akaza/openclinica/service/pmanage/SeRandomizationDTO.java
/workspace/core/src/main/java/org/akaza/openclinica/service/pmanage/Study.java
/workspace/core/src/main/java/org/akaza/openclinica/service/pmanage/Submission.java
/workspace/core/src/main/java/org/akaza/openclinica/service/rule/RuleService.java
/workspace/core/src/main/java/org/akaza/openclinica/service/rule/RuleSetListenerService.java
/workspace/core/src/main/java/org/akaza/openclinica/service/rule/RuleSetService.java
/workspace/core/src/main/java/org/akaza/openclinica/service/rule/RuleSetServiceInterface.java
/workspace/core/src/main/java/org/akaza/openclinica/service/rule/RulesPostImportContainerService.java
/workspace/core/src/main/java/org/akaza/openclinica/service/rule/StudyEventBeanListener.java
/workspace/core/src/main/java/org/akaza/openclinica/service/rule/expression/ExpressionBeanService.java
/workspace/core/src/main/java/org/akaza/openclinica/service/rule/expression/ExpressionService.java
/workspace/core/src/main/java/org/akaza/openclinica/service/subject/SubjectService.java
/workspace/core/src/main/java/org/akaza/openclinica/service/subject/SubjectServiceInterface.java
/workspace/core/src/main/java/org/akaza/openclinica/service/usageStats/LogUsageStatsService.java
/workspace/core/src/main/java/org/akaza/openclinica/service/user/LdapUserService.java
/workspace/core/src/main/java/org/akaza/openclinica/service/user/OpenClinicaLdapUserSearch.java
/workspace/core/src/main/java/org/akaza/openclinica/validator/SubjectTransferValidator.java
/workspace/core/src/main/java/org/akaza/openclinica/validator/rule/action/EventActionValidator.java
/workspace/core/src/main/java/org/akaza/openclinica/validator/rule/action/InsertActionValidator.java
/workspace/core/src/main/java/org/akaza/openclinica/validator/rule/action/RandomizeActionValidator.java
/workspace/core/src/main/java/org/akaza/openclinica/validator/xform/ItemValidator.java
/workspace/core/src/main/java/org/akaza/openclinica/validator/xform/ResponseSetValidator.java
/workspace/core/src/main/java/org/akaza/openclinica/web/filter/ApiSecurityFilter.java
/workspace/core/src/main/java/org/akaza/openclinica/web/filter/OpenClinicaJdbcService.java
/workspace/core/src/main/java/org/akaza/openclinica/web/filter/OpenClinicaLdapAuthoritiesPopulator.java
