/workspace/core/src/test/java/org/akaza/openclinica/dao/AuditUserLoginDaoTest.java
/workspace/core/src/test/java/org/akaza/openclinica/dao/AuthoritiesDaoTest.java
/workspace/core/src/test/java/org/akaza/openclinica/dao/ConfigurationDaoTest.java
/workspace/core/src/test/java/org/akaza/openclinica/dao/DatabaseChangeLogDaoTest.java
/workspace/core/src/test/java/org/akaza/openclinica/dao/rule/RuleDaoTest.java
/workspace/core/src/test/java/org/akaza/openclinica/dao/rule/RuleSetAuditDaoTest.java
/workspace/core/src/test/java/org/akaza/openclinica/dao/rule/RuleSetDaoTest.java
/workspace/core/src/test/java/org/akaza/openclinica/dao/rule/RuleSetRuleAuditDaoTest.java
/workspace/core/src/test/java/org/akaza/openclinica/dao/rule/RuleSetRuleDaoTest.java
/workspace/core/src/test/java/org/akaza/openclinica/dao/submit/ItemDataDAOTest.java
/workspace/core/src/test/java/org/akaza/openclinica/logic/expressionTree/OpenClinicaExpressionParserTest.java
/workspace/core/src/test/java/org/akaza/openclinica/service/rule/RuleSetServiceTest.java
/workspace/core/src/test/java/org/akaza/openclinica/service/rule/RulesPostImportContainerServiceTest.java
/workspace/core/src/test/java/org/akaza/openclinica/service/rule/expression/ExpressionServiceTest.java
/workspace/core/src/test/java/org/akaza/openclinica/service/rule/expression/SampleTest.java
/workspace/core/src/test/java/org/akaza/openclinica/templates/HibernateOcDbTestCase.java
/workspace/core/src/test/java/org/akaza/openclinica/templates/OcDbTestCase.java
